[codecarbon WARNING @ 02:38:21] Multiple instances of codecarbon are allowed to run at the same time.
[energy] WARNING: no RAPL/Power-Gadget/powermetrics access detected for 'mobilenet_v3_small_batch6_node_0_local_train' — CPU energy is a constant-TDP estimate, not a measurement (hardware: ['RAM()', 'GPU() (NVIDIA GH200 120GB)', 'CPU(Cpu Load)']).
[energy] WARNING: no RAPL/Power-Gadget/powermetrics access detected for 'mobilenet_v3_small_batch6_node_0_evaluate' — CPU energy is a constant-TDP estimate, not a measurement (hardware: ['RAM()', 'GPU() (NVIDIA GH200 120GB)', 'CPU(Cpu Load)']).
[energy] WARNING: no RAPL/Power-Gadget/powermetrics access detected for 'mobilenet_v3_small_batch6_node_1_local_train' — CPU energy is a constant-TDP estimate, not a measurement (hardware: ['RAM()', 'GPU() (NVIDIA GH200 120GB)', 'CPU(Cpu Load)']).
[energy] WARNING: no RAPL/Power-Gadget/powermetrics access detected for 'mobilenet_v3_small_batch6_node_1_evaluate' — CPU energy is a constant-TDP estimate, not a measurement (hardware: ['RAM()', 'GPU() (NVIDIA GH200 120GB)', 'CPU(Cpu Load)']).
[energy] WARNING: no RAPL/Power-Gadget/powermetrics access detected for 'mobilenet_v3_small_batch6_node_2_local_train' — CPU energy is a constant-TDP estimate, not a measurement (hardware: ['RAM()', 'GPU() (NVIDIA GH200 120GB)', 'CPU(Cpu Load)']).
[energy] WARNING: no RAPL/Power-Gadget/powermetrics access detected for 'mobilenet_v3_small_batch6_node_2_evaluate' — CPU energy is a constant-TDP estimate, not a measurement (hardware: ['RAM()', 'GPU() (NVIDIA GH200 120GB)', 'CPU(Cpu Load)']).
[energy] WARNING: no RAPL/Power-Gadget/powermetrics access detected for 'mobilenet_v3_small_batch6_node_3_local_train' — CPU energy is a constant-TDP estimate, not a measurement (hardware: ['RAM()', 'GPU() (NVIDIA GH200 120GB)', 'CPU(Cpu Load)']).
[energy] WARNING: no RAPL/Power-Gadget/powermetrics access detected for 'mobilenet_v3_small_batch6_node_3_evaluate' — CPU energy is a constant-TDP estimate, not a measurement (hardware: ['RAM()', 'GPU() (NVIDIA GH200 120GB)', 'CPU(Cpu Load)']).
[energy] WARNING: no RAPL/Power-Gadget/powermetrics access detected for 'mobilenet_v3_small_batch6_node_4_local_train' — CPU energy is a constant-TDP estimate, not a measurement (hardware: ['RAM()', 'GPU() (NVIDIA GH200 120GB)', 'CPU(Cpu Load)']).
[energy] WARNING: no RAPL/Power-Gadget/powermetrics access detected for 'mobilenet_v3_small_batch6_node_4_evaluate' — CPU energy is a constant-TDP estimate, not a measurement (hardware: ['RAM()', 'GPU() (NVIDIA GH200 120GB)', 'CPU(Cpu Load)']).
[energy] WARNING: no RAPL/Power-Gadget/powermetrics access detected for 'mobilenet_v3_small_batch6_node_5_local_train' — CPU energy is a constant-TDP estimate, not a measurement (hardware: ['RAM()', 'GPU() (NVIDIA GH200 120GB)', 'CPU(Cpu Load)']).
[energy] WARNING: no RAPL/Power-Gadget/powermetrics access detected for 'mobilenet_v3_small_batch6_node_5_evaluate' — CPU energy is a constant-TDP estimate, not a measurement (hardware: ['RAM()', 'GPU() (NVIDIA GH200 120GB)', 'CPU(Cpu Load)']).
[energy] WARNING: no RAPL/Power-Gadget/powermetrics access detected for 'mobilenet_v3_small_batch6_node_4_upload' — CPU energy is a constant-TDP estimate, not a measurement (hardware: ['RAM()', 'GPU() (NVIDIA GH200 120GB)', 'CPU(Cpu Load)']).
[energy] WARNING: no RAPL/Power-Gadget/powermetrics access detected for 'mobilenet_v3_small_batch6_node_0_exchange' — CPU energy is a constant-TDP estimate, not a measurement (hardware: ['RAM()', 'GPU() (NVIDIA GH200 120GB)', 'CPU(Cpu Load)']).
[energy] WARNING: no RAPL/Power-Gadget/powermetrics access detected for 'mobilenet_v3_small_batch6_node_1_exchange' — CPU energy is a constant-TDP estimate, not a measurement (hardware: ['RAM()', 'GPU() (NVIDIA GH200 120GB)', 'CPU(Cpu Load)']).
[energy] WARNING: no RAPL/Power-Gadget/powermetrics access detected for 'mobilenet_v3_small_batch6_node_2_exchange' — CPU energy is a constant-TDP estimate, not a measurement (hardware: ['RAM()', 'GPU() (NVIDIA GH200 120GB)', 'CPU(Cpu Load)']).
[energy] WARNING: no RAPL/Power-Gadget/powermetrics access detected for 'mobilenet_v3_small_batch6_node_3_exchange' — CPU energy is a constant-TDP estimate, not a measurement (hardware: ['RAM()', 'GPU() (NVIDIA GH200 120GB)', 'CPU(Cpu Load)']).
[energy] WARNING: no RAPL/Power-Gadget/powermetrics access detected for 'mobilenet_v3_small_batch6_node_4_exchange' — CPU energy is a constant-TDP estimate, not a measurement (hardware: ['RAM()', 'GPU() (NVIDIA GH200 120GB)', 'CPU(Cpu Load)']).
[energy] WARNING: no RAPL/Power-Gadget/powermetrics access detected for 'mobilenet_v3_small_batch6_node_5_exchange' — CPU energy is a constant-TDP estimate, not a measurement (hardware: ['RAM()', 'GPU() (NVIDIA GH200 120GB)', 'CPU(Cpu Load)']).
[energy] WARNING: no RAPL/Power-Gadget/powermetrics access detected for 'mobilenet_v3_small_batch6_node_0_evaluate' — CPU energy is a constant-TDP estimate, not a measurement (hardware: ['RAM()', 'GPU() (NVIDIA GH200 120GB)', 'CPU(Cpu Load)']).
[energy] WARNING: no RAPL/Power-Gadget/powermetrics access detected for 'mobilenet_v3_small_batch6_node_1_evaluate' — CPU energy is a constant-TDP estimate, not a measurement (hardware: ['RAM()', 'GPU() (NVIDIA GH200 120GB)', 'CPU(Cpu Load)']).
[energy] WARNING: no RAPL/Power-Gadget/powermetrics access detected for 'mobilenet_v3_small_batch6_node_2_evaluate' — CPU energy is a constant-TDP estimate, not a measurement (hardware: ['RAM()', 'GPU() (NVIDIA GH200 120GB)', 'CPU(Cpu Load)']).
[energy] WARNING: no RAPL/Power-Gadget/powermetrics access detected for 'mobilenet_v3_small_batch6_node_3_evaluate' — CPU energy is a constant-TDP estimate, not a measurement (hardware: ['RAM()', 'GPU() (NVIDIA GH200 120GB)', 'CPU(Cpu Load)']).
[energy] WARNING: no RAPL/Power-Gadget/powermetrics access detected for 'mobilenet_v3_small_batch6_node_4_evaluate' — CPU energy is a constant-TDP estimate, not a measurement (hardware: ['RAM()', 'GPU() (NVIDIA GH200 120GB)', 'CPU(Cpu Load)']).
[energy] WARNING: no RAPL/Power-Gadget/powermetrics access detected for 'mobilenet_v3_small_batch6_node_5_evaluate' — CPU energy is a constant-TDP estimate, not a measurement (hardware: ['RAM()', 'GPU() (NVIDIA GH200 120GB)', 'CPU(Cpu Load)']).
[energy] WARNING: no RAPL/Power-Gadget/powermetrics access detected for 'efficientnet_lite0_batch6_node_0_local_train' — CPU energy is a constant-TDP estimate, not a measurement (hardware: ['RAM()', 'GPU() (NVIDIA GH200 120GB)', 'CPU(Cpu Load)']).
[energy] WARNING: no RAPL/Power-Gadget/powermetrics access detected for 'efficientnet_lite0_batch6_node_0_evaluate' — CPU energy is a constant-TDP estimate, not a measurement (hardware: ['RAM()', 'GPU() (NVIDIA GH200 120GB)', 'CPU(Cpu Load)']).
[energy] WARNING: no RAPL/Power-Gadget/powermetrics access detected for 'efficientnet_lite0_batch6_node_1_local_train' — CPU energy is a constant-TDP estimate, not a measurement (hardware: ['RAM()', 'GPU() (NVIDIA GH200 120GB)', 'CPU(Cpu Load)']).
[energy] WARNING: no RAPL/Power-Gadget/powermetrics access detected for 'efficientnet_lite0_batch6_node_1_evaluate' — CPU energy is a constant-TDP estimate, not a measurement (hardware: ['RAM()', 'GPU() (NVIDIA GH200 120GB)', 'CPU(Cpu Load)']).
[energy] WARNING: no RAPL/Power-Gadget/powermetrics access detected for 'efficientnet_lite0_batch6_node_2_local_train' — CPU energy is a constant-TDP estimate, not a measurement (hardware: ['RAM()', 'GPU() (NVIDIA GH200 120GB)', 'CPU(Cpu Load)']).
[energy] WARNING: no RAPL/Power-Gadget/powermetrics access detected for 'efficientnet_lite0_batch6_node_2_evaluate' — CPU energy is a constant-TDP estimate, not a measurement (hardware: ['RAM()', 'GPU() (NVIDIA GH200 120GB)', 'CPU(Cpu Load)']).
[energy] WARNING: no RAPL/Power-Gadget/powermetrics access detected for 'efficientnet_lite0_batch6_node_3_local_train' — CPU energy is a constant-TDP estimate, not a measurement (hardware: ['RAM()', 'GPU() (NVIDIA GH200 120GB)', 'CPU(Cpu Load)']).
[energy] WARNING: no RAPL/Power-Gadget/powermetrics access detected for 'efficientnet_lite0_batch6_node_3_evaluate' — CPU energy is a constant-TDP estimate, not a measurement (hardware: ['RAM()', 'GPU() (NVIDIA GH200 120GB)', 'CPU(Cpu Load)']).
[energy] WARNING: no RAPL/Power-Gadget/powermetrics access detected for 'efficientnet_lite0_batch6_node_4_local_train' — CPU energy is a constant-TDP estimate, not a measurement (hardware: ['RAM()', 'GPU() (NVIDIA GH200 120GB)', 'CPU(Cpu Load)']).
[energy] WARNING: no RAPL/Power-Gadget/powermetrics access detected for 'efficientnet_lite0_batch6_node_4_evaluate' — CPU energy is a constant-TDP estimate, not a measurement (hardware: ['RAM()', 'GPU() (NVIDIA GH200 120GB)', 'CPU(Cpu Load)']).
[energy] WARNING: no RAPL/Power-Gadget/powermetrics access detected for 'efficientnet_lite0_batch6_node_5_local_train' — CPU energy is a constant-TDP estimate, not a measurement (hardware: ['RAM()', 'GPU() (NVIDIA GH200 120GB)', 'CPU(Cpu Load)']).
[energy] WARNING: no RAPL/Power-Gadget/powermetrics access detected for 'efficientnet_lite0_batch6_node_5_evaluate' — CPU energy is a constant-TDP estimate, not a measurement (hardware: ['RAM()', 'GPU() (NVIDIA GH200 120GB)', 'CPU(Cpu Load)']).
[energy] WARNING: no RAPL/Power-Gadget/powermetrics access detected for 'efficientnet_lite0_batch6_node_3_upload' — CPU energy is a constant-TDP estimate, not a measurement (hardware: ['RAM()', 'GPU() (NVIDIA GH200 120GB)', 'CPU(Cpu Load)']).
[energy] WARNING: no RAPL/Power-Gadget/powermetrics access detected for 'efficientnet_lite0_batch6_node_4_upload' — CPU energy is a constant-TDP estimate, not a measurement (hardware: ['RAM()', 'GPU() (NVIDIA GH200 120GB)', 'CPU(Cpu Load)']).
[energy] WARNING: no RAPL/Power-Gadget/powermetrics access detected for 'efficientnet_lite0_batch6_node_5_upload' — CPU energy is a constant-TDP estimate, not a measurement (hardware: ['RAM()', 'GPU() (NVIDIA GH200 120GB)', 'CPU(Cpu Load)']).
[energy] WARNING: no RAPL/Power-Gadget/powermetrics access detected for 'efficientnet_lite0_batch6_node_0_exchange' — CPU energy is a constant-TDP estimate, not a measurement (hardware: ['RAM()', 'GPU() (NVIDIA GH200 120GB)', 'CPU(Cpu Load)']).
[energy] WARNING: no RAPL/Power-Gadget/powermetrics access detected for 'efficientnet_lite0_batch6_node_0_evaluate' — CPU energy is a constant-TDP estimate, not a measurement (hardware: ['RAM()', 'GPU() (NVIDIA GH200 120GB)', 'CPU(Cpu Load)']).
[energy] WARNING: no RAPL/Power-Gadget/powermetrics access detected for 'mobilevit_xxs_batch6_node_0_local_train' — CPU energy is a constant-TDP estimate, not a measurement (hardware: ['RAM()', 'GPU() (NVIDIA GH200 120GB)', 'CPU(Cpu Load)']).
[energy] WARNING: no RAPL/Power-Gadget/powermetrics access detected for 'mobilevit_xxs_batch6_node_0_evaluate' — CPU energy is a constant-TDP estimate, not a measurement (hardware: ['RAM()', 'GPU() (NVIDIA GH200 120GB)', 'CPU(Cpu Load)']).
[energy] WARNING: no RAPL/Power-Gadget/powermetrics access detected for 'mobilevit_xxs_batch6_node_1_local_train' — CPU energy is a constant-TDP estimate, not a measurement (hardware: ['RAM()', 'GPU() (NVIDIA GH200 120GB)', 'CPU(Cpu Load)']).
[energy] WARNING: no RAPL/Power-Gadget/powermetrics access detected for 'mobilevit_xxs_batch6_node_1_evaluate' — CPU energy is a constant-TDP estimate, not a measurement (hardware: ['RAM()', 'GPU() (NVIDIA GH200 120GB)', 'CPU(Cpu Load)']).
[energy] WARNING: no RAPL/Power-Gadget/powermetrics access detected for 'mobilevit_xxs_batch6_node_2_local_train' — CPU energy is a constant-TDP estimate, not a measurement (hardware: ['RAM()', 'GPU() (NVIDIA GH200 120GB)', 'CPU(Cpu Load)']).
[energy] WARNING: no RAPL/Power-Gadget/powermetrics access detected for 'mobilevit_xxs_batch6_node_2_evaluate' — CPU energy is a constant-TDP estimate, not a measurement (hardware: ['RAM()', 'GPU() (NVIDIA GH200 120GB)', 'CPU(Cpu Load)']).
[energy] WARNING: no RAPL/Power-Gadget/powermetrics access detected for 'mobilevit_xxs_batch6_node_3_local_train' — CPU energy is a constant-TDP estimate, not a measurement (hardware: ['RAM()', 'GPU() (NVIDIA GH200 120GB)', 'CPU(Cpu Load)']).
[energy] WARNING: no RAPL/Power-Gadget/powermetrics access detected for 'mobilevit_xxs_batch6_node_3_evaluate' — CPU energy is a constant-TDP estimate, not a measurement (hardware: ['RAM()', 'GPU() (NVIDIA GH200 120GB)', 'CPU(Cpu Load)']).
[energy] WARNING: no RAPL/Power-Gadget/powermetrics access detected for 'mobilevit_xxs_batch6_node_4_local_train' — CPU energy is a constant-TDP estimate, not a measurement (hardware: ['RAM()', 'GPU() (NVIDIA GH200 120GB)', 'CPU(Cpu Load)']).
[energy] WARNING: no RAPL/Power-Gadget/powermetrics access detected for 'mobilevit_xxs_batch6_node_4_evaluate' — CPU energy is a constant-TDP estimate, not a measurement (hardware: ['RAM()', 'GPU() (NVIDIA GH200 120GB)', 'CPU(Cpu Load)']).
[energy] WARNING: no RAPL/Power-Gadget/powermetrics access detected for 'mobilevit_xxs_batch6_node_5_local_train' — CPU energy is a constant-TDP estimate, not a measurement (hardware: ['RAM()', 'GPU() (NVIDIA GH200 120GB)', 'CPU(Cpu Load)']).
[energy] WARNING: no RAPL/Power-Gadget/powermetrics access detected for 'mobilevit_xxs_batch6_node_5_evaluate' — CPU energy is a constant-TDP estimate, not a measurement (hardware: ['RAM()', 'GPU() (NVIDIA GH200 120GB)', 'CPU(Cpu Load)']).
[energy] WARNING: no RAPL/Power-Gadget/powermetrics access detected for 'mobilevit_xxs_batch6_node_0_upload' — CPU energy is a constant-TDP estimate, not a measurement (hardware: ['RAM()', 'GPU() (NVIDIA GH200 120GB)', 'CPU(Cpu Load)']).
[energy] WARNING: no RAPL/Power-Gadget/powermetrics access detected for 'mobilevit_xxs_batch6_node_1_upload' — CPU energy is a constant-TDP estimate, not a measurement (hardware: ['RAM()', 'GPU() (NVIDIA GH200 120GB)', 'CPU(Cpu Load)']).
[energy] WARNING: no RAPL/Power-Gadget/powermetrics access detected for 'mobilevit_xxs_batch6_node_2_upload' — CPU energy is a constant-TDP estimate, not a measurement (hardware: ['RAM()', 'GPU() (NVIDIA GH200 120GB)', 'CPU(Cpu Load)']).
[energy] WARNING: no RAPL/Power-Gadget/powermetrics access detected for 'mobilevit_xxs_batch6_node_4_upload' — CPU energy is a constant-TDP estimate, not a measurement (hardware: ['RAM()', 'GPU() (NVIDIA GH200 120GB)', 'CPU(Cpu Load)']).
[energy] WARNING: no RAPL/Power-Gadget/powermetrics access detected for 'mobilevit_xxs_batch6_node_5_upload' — CPU energy is a constant-TDP estimate, not a measurement (hardware: ['RAM()', 'GPU() (NVIDIA GH200 120GB)', 'CPU(Cpu Load)']).
[energy] WARNING: no RAPL/Power-Gadget/powermetrics access detected for 'mobilevit_xxs_batch6_node_0_exchange' — CPU energy is a constant-TDP estimate, not a measurement (hardware: ['RAM()', 'GPU() (NVIDIA GH200 120GB)', 'CPU(Cpu Load)']).
[energy] WARNING: no RAPL/Power-Gadget/powermetrics access detected for 'mobilevit_xxs_batch6_node_3_exchange' — CPU energy is a constant-TDP estimate, not a measurement (hardware: ['RAM()', 'GPU() (NVIDIA GH200 120GB)', 'CPU(Cpu Load)']).
[energy] WARNING: no RAPL/Power-Gadget/powermetrics access detected for 'mobilevit_xxs_batch6_node_0_evaluate' — CPU energy is a constant-TDP estimate, not a measurement (hardware: ['RAM()', 'GPU() (NVIDIA GH200 120GB)', 'CPU(Cpu Load)']).
[energy] WARNING: no RAPL/Power-Gadget/powermetrics access detected for 'mobilevit_xxs_batch6_node_3_evaluate' — CPU energy is a constant-TDP estimate, not a measurement (hardware: ['RAM()', 'GPU() (NVIDIA GH200 120GB)', 'CPU(Cpu Load)']).
Loaded 54305 images, 14 crop classes, 21 disease classes.
New batch 6: 3000 images (stratified), 16305 images left for future batches
  probe: 150 images carved from this batch
  node_0: 353 train / 63 test
  node_1: 396 train / 78 test
  node_2: 547 train / 99 test
  node_3: 451 train / 89 test
  node_4: 337 train / 62 test
  node_5: 315 train / 60 test

=== Architecture: mobilenet_v3_small ===
  batch 6: 3000 images, probe set 150 images
    node_0:   353 train /   63 test  roles=learner         EMA=0.482 pair_accuracy pre=0.460 post=0.603 (improved)
    node_1:   396 train /   78 test  roles=learner         EMA=0.554 pair_accuracy pre=0.359 post=0.769 (improved)
    node_2:   547 train /   99 test  roles=learner         EMA=0.488 pair_accuracy pre=0.394 post=0.869 (improved)
    node_3:   451 train /   89 test  roles=learner         EMA=0.507 pair_accuracy pre=0.360 post=0.674 (improved)
    node_4:   337 train /   62 test  roles=teacher+learner EMA=0.607 pair_accuracy pre=0.742 post=0.774 (improved)
    node_5:   315 train /   60 test  roles=learner         EMA=0.515 pair_accuracy pre=0.300 post=0.800 (improved)
    43845508 bytes exchanged, 0.013550 kWh compute
so far (7 batches): distillation improved 22/42 node-batches, mean gain -0.1133 pair_accuracy, 407136860 bytes, 0.270756 kWh

=== Architecture: efficientnet_lite0 ===
  batch 6: 3000 images, probe set 150 images
    node_0:   353 train /   63 test  roles=learner         EMA=0.769 pair_accuracy pre=0.683 post=0.937 (improved)
    node_1:   396 train /   78 test  roles=idle            EMA=0.902 pair_accuracy pre=0.885 post=0.885 (no distill)
    node_2:   547 train /   99 test  roles=idle            EMA=0.880 pair_accuracy pre=0.798 post=0.798 (no distill)
    node_3:   451 train /   89 test  roles=teacher         EMA=0.886 pair_accuracy pre=0.888 post=0.888 (no distill)
    node_4:   337 train /   62 test  roles=teacher         EMA=0.900 pair_accuracy pre=0.919 post=0.919 (no distill)
    node_5:   315 train /   60 test  roles=teacher         EMA=0.875 pair_accuracy pre=0.883 post=0.883 (no distill)
    55327312 bytes exchanged, 0.029042 kWh compute
so far (7 batches): distillation improved 3/7 node-batches, mean gain -0.0010 pair_accuracy, 414954840 bytes, 0.185462 kWh

=== Architecture: mobilevit_xxs ===
  batch 6: 3000 images, probe set 150 images
    node_0:   353 train /   63 test  roles=teacher+learner EMA=0.743 pair_accuracy pre=0.873 post=0.794 (distilled, no gain)
    node_1:   396 train /   78 test  roles=teacher         EMA=0.852 pair_accuracy pre=0.859 post=0.859 (no distill)
    node_2:   547 train /   99 test  roles=teacher         EMA=0.861 pair_accuracy pre=0.939 post=0.939 (no distill)
    node_3:   451 train /   89 test  roles=learner         EMA=0.723 pair_accuracy pre=0.494 post=0.854 (improved)
    node_4:   337 train /   62 test  roles=teacher         EMA=0.823 pair_accuracy pre=0.887 post=0.887 (no distill)
    node_5:   315 train /   60 test  roles=teacher         EMA=0.801 pair_accuracy pre=0.900 post=0.900 (no distill)
    27060180 bytes exchanged, 0.014664 kWh compute
so far (7 batches): distillation improved 13/26 node-batches, mean gain +0.0403 pair_accuracy, 228078660 bytes, 0.189252 kWh

Done. 16305 images left — run `python -m src.train --next-batch` for the next batch of 3000.
