[codecarbon WARNING @ 03:08:44] Multiple instances of codecarbon are allowed to run at the same time.
[energy] WARNING: no RAPL/Power-Gadget/powermetrics access detected for 'mobilenet_v3_small_batch5_node_0_local_train' — CPU energy is a constant-TDP estimate, not a measurement (hardware: ['RAM()', 'GPU() (NVIDIA GH200 120GB)', 'CPU(Cpu Load)']).
[energy] WARNING: no RAPL/Power-Gadget/powermetrics access detected for 'mobilenet_v3_small_batch5_node_0_evaluate' — CPU energy is a constant-TDP estimate, not a measurement (hardware: ['RAM()', 'GPU() (NVIDIA GH200 120GB)', 'CPU(Cpu Load)']).
[energy] WARNING: no RAPL/Power-Gadget/powermetrics access detected for 'mobilenet_v3_small_batch5_node_1_local_train' — CPU energy is a constant-TDP estimate, not a measurement (hardware: ['RAM()', 'GPU() (NVIDIA GH200 120GB)', 'CPU(Cpu Load)']).
[energy] WARNING: no RAPL/Power-Gadget/powermetrics access detected for 'mobilenet_v3_small_batch5_node_1_evaluate' — CPU energy is a constant-TDP estimate, not a measurement (hardware: ['RAM()', 'GPU() (NVIDIA GH200 120GB)', 'CPU(Cpu Load)']).
[energy] WARNING: no RAPL/Power-Gadget/powermetrics access detected for 'mobilenet_v3_small_batch5_node_2_local_train' — CPU energy is a constant-TDP estimate, not a measurement (hardware: ['RAM()', 'GPU() (NVIDIA GH200 120GB)', 'CPU(Cpu Load)']).
[energy] WARNING: no RAPL/Power-Gadget/powermetrics access detected for 'mobilenet_v3_small_batch5_node_2_evaluate' — CPU energy is a constant-TDP estimate, not a measurement (hardware: ['RAM()', 'GPU() (NVIDIA GH200 120GB)', 'CPU(Cpu Load)']).
[energy] WARNING: no RAPL/Power-Gadget/powermetrics access detected for 'mobilenet_v3_small_batch5_node_3_local_train' — CPU energy is a constant-TDP estimate, not a measurement (hardware: ['RAM()', 'GPU() (NVIDIA GH200 120GB)', 'CPU(Cpu Load)']).
[energy] WARNING: no RAPL/Power-Gadget/powermetrics access detected for 'mobilenet_v3_small_batch5_node_3_evaluate' — CPU energy is a constant-TDP estimate, not a measurement (hardware: ['RAM()', 'GPU() (NVIDIA GH200 120GB)', 'CPU(Cpu Load)']).
[energy] WARNING: no RAPL/Power-Gadget/powermetrics access detected for 'mobilenet_v3_small_batch5_node_4_local_train' — CPU energy is a constant-TDP estimate, not a measurement (hardware: ['RAM()', 'GPU() (NVIDIA GH200 120GB)', 'CPU(Cpu Load)']).
[energy] WARNING: no RAPL/Power-Gadget/powermetrics access detected for 'mobilenet_v3_small_batch5_node_4_evaluate' — CPU energy is a constant-TDP estimate, not a measurement (hardware: ['RAM()', 'GPU() (NVIDIA GH200 120GB)', 'CPU(Cpu Load)']).
[energy] WARNING: no RAPL/Power-Gadget/powermetrics access detected for 'mobilenet_v3_small_batch5_node_5_local_train' — CPU energy is a constant-TDP estimate, not a measurement (hardware: ['RAM()', 'GPU() (NVIDIA GH200 120GB)', 'CPU(Cpu Load)']).
[energy] WARNING: no RAPL/Power-Gadget/powermetrics access detected for 'mobilenet_v3_small_batch5_node_5_evaluate' — CPU energy is a constant-TDP estimate, not a measurement (hardware: ['RAM()', 'GPU() (NVIDIA GH200 120GB)', 'CPU(Cpu Load)']).
[energy] WARNING: no RAPL/Power-Gadget/powermetrics access detected for 'mobilenet_v3_small_batch5_node_0_knowledge_extraction' — CPU energy is a constant-TDP estimate, not a measurement (hardware: ['RAM()', 'GPU() (NVIDIA GH200 120GB)', 'CPU(Cpu Load)']).
[energy] WARNING: no RAPL/Power-Gadget/powermetrics access detected for 'mobilenet_v3_small_batch5_node_1_knowledge_extraction' — CPU energy is a constant-TDP estimate, not a measurement (hardware: ['RAM()', 'GPU() (NVIDIA GH200 120GB)', 'CPU(Cpu Load)']).
[energy] WARNING: no RAPL/Power-Gadget/powermetrics access detected for 'mobilenet_v3_small_batch5_node_3_knowledge_extraction' — CPU energy is a constant-TDP estimate, not a measurement (hardware: ['RAM()', 'GPU() (NVIDIA GH200 120GB)', 'CPU(Cpu Load)']).
[energy] WARNING: no RAPL/Power-Gadget/powermetrics access detected for 'mobilenet_v3_small_batch5_node_4_knowledge_extraction' — CPU energy is a constant-TDP estimate, not a measurement (hardware: ['RAM()', 'GPU() (NVIDIA GH200 120GB)', 'CPU(Cpu Load)']).
[energy] WARNING: no RAPL/Power-Gadget/powermetrics access detected for 'mobilenet_v3_small_batch5_node_5_knowledge_extraction' — CPU energy is a constant-TDP estimate, not a measurement (hardware: ['RAM()', 'GPU() (NVIDIA GH200 120GB)', 'CPU(Cpu Load)']).
[energy] WARNING: no RAPL/Power-Gadget/powermetrics access detected for 'mobilenet_v3_small_batch5_node_0_distill' — CPU energy is a constant-TDP estimate, not a measurement (hardware: ['RAM()', 'GPU() (NVIDIA GH200 120GB)', 'CPU(Cpu Load)']).
[energy] WARNING: no RAPL/Power-Gadget/powermetrics access detected for 'mobilenet_v3_small_batch5_node_1_distill' — CPU energy is a constant-TDP estimate, not a measurement (hardware: ['RAM()', 'GPU() (NVIDIA GH200 120GB)', 'CPU(Cpu Load)']).
[energy] WARNING: no RAPL/Power-Gadget/powermetrics access detected for 'mobilenet_v3_small_batch5_node_2_distill' — CPU energy is a constant-TDP estimate, not a measurement (hardware: ['RAM()', 'GPU() (NVIDIA GH200 120GB)', 'CPU(Cpu Load)']).
[energy] WARNING: no RAPL/Power-Gadget/powermetrics access detected for 'mobilenet_v3_small_batch5_node_3_distill' — CPU energy is a constant-TDP estimate, not a measurement (hardware: ['RAM()', 'GPU() (NVIDIA GH200 120GB)', 'CPU(Cpu Load)']).
[energy] WARNING: no RAPL/Power-Gadget/powermetrics access detected for 'mobilenet_v3_small_batch5_node_4_distill' — CPU energy is a constant-TDP estimate, not a measurement (hardware: ['RAM()', 'GPU() (NVIDIA GH200 120GB)', 'CPU(Cpu Load)']).
[energy] WARNING: no RAPL/Power-Gadget/powermetrics access detected for 'mobilenet_v3_small_batch5_node_5_distill' — CPU energy is a constant-TDP estimate, not a measurement (hardware: ['RAM()', 'GPU() (NVIDIA GH200 120GB)', 'CPU(Cpu Load)']).
[energy] WARNING: no RAPL/Power-Gadget/powermetrics access detected for 'mobilenet_v3_small_batch5_node_0_evaluate' — CPU energy is a constant-TDP estimate, not a measurement (hardware: ['RAM()', 'GPU() (NVIDIA GH200 120GB)', 'CPU(Cpu Load)']).
[energy] WARNING: no RAPL/Power-Gadget/powermetrics access detected for 'mobilenet_v3_small_batch5_node_1_evaluate' — CPU energy is a constant-TDP estimate, not a measurement (hardware: ['RAM()', 'GPU() (NVIDIA GH200 120GB)', 'CPU(Cpu Load)']).
[energy] WARNING: no RAPL/Power-Gadget/powermetrics access detected for 'mobilenet_v3_small_batch5_node_2_evaluate' — CPU energy is a constant-TDP estimate, not a measurement (hardware: ['RAM()', 'GPU() (NVIDIA GH200 120GB)', 'CPU(Cpu Load)']).
[energy] WARNING: no RAPL/Power-Gadget/powermetrics access detected for 'mobilenet_v3_small_batch5_node_3_evaluate' — CPU energy is a constant-TDP estimate, not a measurement (hardware: ['RAM()', 'GPU() (NVIDIA GH200 120GB)', 'CPU(Cpu Load)']).
[energy] WARNING: no RAPL/Power-Gadget/powermetrics access detected for 'mobilenet_v3_small_batch5_node_4_evaluate' — CPU energy is a constant-TDP estimate, not a measurement (hardware: ['RAM()', 'GPU() (NVIDIA GH200 120GB)', 'CPU(Cpu Load)']).
[energy] WARNING: no RAPL/Power-Gadget/powermetrics access detected for 'mobilenet_v3_small_batch5_node_5_evaluate' — CPU energy is a constant-TDP estimate, not a measurement (hardware: ['RAM()', 'GPU() (NVIDIA GH200 120GB)', 'CPU(Cpu Load)']).
[energy] WARNING: no RAPL/Power-Gadget/powermetrics access detected for 'efficientnet_lite0_batch5_node_0_local_train' — CPU energy is a constant-TDP estimate, not a measurement (hardware: ['RAM()', 'GPU() (NVIDIA GH200 120GB)', 'CPU(Cpu Load)']).
[energy] WARNING: no RAPL/Power-Gadget/powermetrics access detected for 'efficientnet_lite0_batch5_node_0_evaluate' — CPU energy is a constant-TDP estimate, not a measurement (hardware: ['RAM()', 'GPU() (NVIDIA GH200 120GB)', 'CPU(Cpu Load)']).
[energy] WARNING: no RAPL/Power-Gadget/powermetrics access detected for 'efficientnet_lite0_batch5_node_1_local_train' — CPU energy is a constant-TDP estimate, not a measurement (hardware: ['RAM()', 'GPU() (NVIDIA GH200 120GB)', 'CPU(Cpu Load)']).
[energy] WARNING: no RAPL/Power-Gadget/powermetrics access detected for 'efficientnet_lite0_batch5_node_1_evaluate' — CPU energy is a constant-TDP estimate, not a measurement (hardware: ['RAM()', 'GPU() (NVIDIA GH200 120GB)', 'CPU(Cpu Load)']).
[energy] WARNING: no RAPL/Power-Gadget/powermetrics access detected for 'efficientnet_lite0_batch5_node_2_local_train' — CPU energy is a constant-TDP estimate, not a measurement (hardware: ['RAM()', 'GPU() (NVIDIA GH200 120GB)', 'CPU(Cpu Load)']).
[energy] WARNING: no RAPL/Power-Gadget/powermetrics access detected for 'efficientnet_lite0_batch5_node_2_evaluate' — CPU energy is a constant-TDP estimate, not a measurement (hardware: ['RAM()', 'GPU() (NVIDIA GH200 120GB)', 'CPU(Cpu Load)']).
[energy] WARNING: no RAPL/Power-Gadget/powermetrics access detected for 'efficientnet_lite0_batch5_node_3_local_train' — CPU energy is a constant-TDP estimate, not a measurement (hardware: ['RAM()', 'GPU() (NVIDIA GH200 120GB)', 'CPU(Cpu Load)']).
[energy] WARNING: no RAPL/Power-Gadget/powermetrics access detected for 'efficientnet_lite0_batch5_node_3_evaluate' — CPU energy is a constant-TDP estimate, not a measurement (hardware: ['RAM()', 'GPU() (NVIDIA GH200 120GB)', 'CPU(Cpu Load)']).
[energy] WARNING: no RAPL/Power-Gadget/powermetrics access detected for 'efficientnet_lite0_batch5_node_4_local_train' — CPU energy is a constant-TDP estimate, not a measurement (hardware: ['RAM()', 'GPU() (NVIDIA GH200 120GB)', 'CPU(Cpu Load)']).
[energy] WARNING: no RAPL/Power-Gadget/powermetrics access detected for 'efficientnet_lite0_batch5_node_4_evaluate' — CPU energy is a constant-TDP estimate, not a measurement (hardware: ['RAM()', 'GPU() (NVIDIA GH200 120GB)', 'CPU(Cpu Load)']).
[energy] WARNING: no RAPL/Power-Gadget/powermetrics access detected for 'efficientnet_lite0_batch5_node_5_local_train' — CPU energy is a constant-TDP estimate, not a measurement (hardware: ['RAM()', 'GPU() (NVIDIA GH200 120GB)', 'CPU(Cpu Load)']).
[energy] WARNING: no RAPL/Power-Gadget/powermetrics access detected for 'efficientnet_lite0_batch5_node_5_evaluate' — CPU energy is a constant-TDP estimate, not a measurement (hardware: ['RAM()', 'GPU() (NVIDIA GH200 120GB)', 'CPU(Cpu Load)']).
[energy] WARNING: no RAPL/Power-Gadget/powermetrics access detected for 'mobilevit_xxs_batch5_node_0_local_train' — CPU energy is a constant-TDP estimate, not a measurement (hardware: ['RAM()', 'GPU() (NVIDIA GH200 120GB)', 'CPU(Cpu Load)']).
[energy] WARNING: no RAPL/Power-Gadget/powermetrics access detected for 'mobilevit_xxs_batch5_node_0_evaluate' — CPU energy is a constant-TDP estimate, not a measurement (hardware: ['RAM()', 'GPU() (NVIDIA GH200 120GB)', 'CPU(Cpu Load)']).
[energy] WARNING: no RAPL/Power-Gadget/powermetrics access detected for 'mobilevit_xxs_batch5_node_1_local_train' — CPU energy is a constant-TDP estimate, not a measurement (hardware: ['RAM()', 'GPU() (NVIDIA GH200 120GB)', 'CPU(Cpu Load)']).
[energy] WARNING: no RAPL/Power-Gadget/powermetrics access detected for 'mobilevit_xxs_batch5_node_1_evaluate' — CPU energy is a constant-TDP estimate, not a measurement (hardware: ['RAM()', 'GPU() (NVIDIA GH200 120GB)', 'CPU(Cpu Load)']).
[energy] WARNING: no RAPL/Power-Gadget/powermetrics access detected for 'mobilevit_xxs_batch5_node_2_local_train' — CPU energy is a constant-TDP estimate, not a measurement (hardware: ['RAM()', 'GPU() (NVIDIA GH200 120GB)', 'CPU(Cpu Load)']).
[energy] WARNING: no RAPL/Power-Gadget/powermetrics access detected for 'mobilevit_xxs_batch5_node_2_evaluate' — CPU energy is a constant-TDP estimate, not a measurement (hardware: ['RAM()', 'GPU() (NVIDIA GH200 120GB)', 'CPU(Cpu Load)']).
[energy] WARNING: no RAPL/Power-Gadget/powermetrics access detected for 'mobilevit_xxs_batch5_node_3_local_train' — CPU energy is a constant-TDP estimate, not a measurement (hardware: ['RAM()', 'GPU() (NVIDIA GH200 120GB)', 'CPU(Cpu Load)']).
[energy] WARNING: no RAPL/Power-Gadget/powermetrics access detected for 'mobilevit_xxs_batch5_node_3_evaluate' — CPU energy is a constant-TDP estimate, not a measurement (hardware: ['RAM()', 'GPU() (NVIDIA GH200 120GB)', 'CPU(Cpu Load)']).
[energy] WARNING: no RAPL/Power-Gadget/powermetrics access detected for 'mobilevit_xxs_batch5_node_4_local_train' — CPU energy is a constant-TDP estimate, not a measurement (hardware: ['RAM()', 'GPU() (NVIDIA GH200 120GB)', 'CPU(Cpu Load)']).
[energy] WARNING: no RAPL/Power-Gadget/powermetrics access detected for 'mobilevit_xxs_batch5_node_4_evaluate' — CPU energy is a constant-TDP estimate, not a measurement (hardware: ['RAM()', 'GPU() (NVIDIA GH200 120GB)', 'CPU(Cpu Load)']).
[energy] WARNING: no RAPL/Power-Gadget/powermetrics access detected for 'mobilevit_xxs_batch5_node_5_local_train' — CPU energy is a constant-TDP estimate, not a measurement (hardware: ['RAM()', 'GPU() (NVIDIA GH200 120GB)', 'CPU(Cpu Load)']).
[energy] WARNING: no RAPL/Power-Gadget/powermetrics access detected for 'mobilevit_xxs_batch5_node_5_evaluate' — CPU energy is a constant-TDP estimate, not a measurement (hardware: ['RAM()', 'GPU() (NVIDIA GH200 120GB)', 'CPU(Cpu Load)']).
[energy] WARNING: no RAPL/Power-Gadget/powermetrics access detected for 'mobilevit_xxs_batch5_node_1_knowledge_extraction' — CPU energy is a constant-TDP estimate, not a measurement (hardware: ['RAM()', 'GPU() (NVIDIA GH200 120GB)', 'CPU(Cpu Load)']).
[energy] WARNING: no RAPL/Power-Gadget/powermetrics access detected for 'mobilevit_xxs_batch5_node_2_knowledge_extraction' — CPU energy is a constant-TDP estimate, not a measurement (hardware: ['RAM()', 'GPU() (NVIDIA GH200 120GB)', 'CPU(Cpu Load)']).
[energy] WARNING: no RAPL/Power-Gadget/powermetrics access detected for 'mobilevit_xxs_batch5_node_4_knowledge_extraction' — CPU energy is a constant-TDP estimate, not a measurement (hardware: ['RAM()', 'GPU() (NVIDIA GH200 120GB)', 'CPU(Cpu Load)']).
[energy] WARNING: no RAPL/Power-Gadget/powermetrics access detected for 'mobilevit_xxs_batch5_node_5_knowledge_extraction' — CPU energy is a constant-TDP estimate, not a measurement (hardware: ['RAM()', 'GPU() (NVIDIA GH200 120GB)', 'CPU(Cpu Load)']).
[energy] WARNING: no RAPL/Power-Gadget/powermetrics access detected for 'mobilevit_xxs_batch5_node_0_distill' — CPU energy is a constant-TDP estimate, not a measurement (hardware: ['RAM()', 'GPU() (NVIDIA GH200 120GB)', 'CPU(Cpu Load)']).
[energy] WARNING: no RAPL/Power-Gadget/powermetrics access detected for 'mobilevit_xxs_batch5_node_1_distill' — CPU energy is a constant-TDP estimate, not a measurement (hardware: ['RAM()', 'GPU() (NVIDIA GH200 120GB)', 'CPU(Cpu Load)']).
[energy] WARNING: no RAPL/Power-Gadget/powermetrics access detected for 'mobilevit_xxs_batch5_node_4_distill' — CPU energy is a constant-TDP estimate, not a measurement (hardware: ['RAM()', 'GPU() (NVIDIA GH200 120GB)', 'CPU(Cpu Load)']).
