[codecarbon WARNING @ 14:29:30] Multiple instances of codecarbon are allowed to run at the same time.
[energy] WARNING: no RAPL/Power-Gadget/powermetrics access detected for 'mobilenet_v3_small_batch22_node_0_local_train' — CPU energy is a constant-TDP estimate, not a measurement (hardware: ['RAM()', 'GPU() (NVIDIA GH200 120GB)', 'CPU(Cpu Load)']).
[energy] WARNING: no RAPL/Power-Gadget/powermetrics access detected for 'mobilenet_v3_small_batch22_node_0_evaluate' — CPU energy is a constant-TDP estimate, not a measurement (hardware: ['RAM()', 'GPU() (NVIDIA GH200 120GB)', 'CPU(Cpu Load)']).
[energy] WARNING: no RAPL/Power-Gadget/powermetrics access detected for 'mobilenet_v3_small_batch22_node_1_local_train' — CPU energy is a constant-TDP estimate, not a measurement (hardware: ['RAM()', 'GPU() (NVIDIA GH200 120GB)', 'CPU(Cpu Load)']).
[energy] WARNING: no RAPL/Power-Gadget/powermetrics access detected for 'mobilenet_v3_small_batch22_node_1_evaluate' — CPU energy is a constant-TDP estimate, not a measurement (hardware: ['RAM()', 'GPU() (NVIDIA GH200 120GB)', 'CPU(Cpu Load)']).
[energy] WARNING: no RAPL/Power-Gadget/powermetrics access detected for 'mobilenet_v3_small_batch22_node_0_upload' — CPU energy is a constant-TDP estimate, not a measurement (hardware: ['RAM()', 'GPU() (NVIDIA GH200 120GB)', 'CPU(Cpu Load)']).
[energy] WARNING: no RAPL/Power-Gadget/powermetrics access detected for 'mobilenet_v3_small_batch22_node_0_exchange' — CPU energy is a constant-TDP estimate, not a measurement (hardware: ['RAM()', 'GPU() (NVIDIA GH200 120GB)', 'CPU(Cpu Load)']).
[energy] WARNING: no RAPL/Power-Gadget/powermetrics access detected for 'mobilenet_v3_small_batch22_node_1_exchange' — CPU energy is a constant-TDP estimate, not a measurement (hardware: ['RAM()', 'GPU() (NVIDIA GH200 120GB)', 'CPU(Cpu Load)']).
[energy] WARNING: no RAPL/Power-Gadget/powermetrics access detected for 'mobilenet_v3_small_batch22_node_0_evaluate' — CPU energy is a constant-TDP estimate, not a measurement (hardware: ['RAM()', 'GPU() (NVIDIA GH200 120GB)', 'CPU(Cpu Load)']).
[energy] WARNING: no RAPL/Power-Gadget/powermetrics access detected for 'mobilenet_v3_small_batch22_node_1_evaluate' — CPU energy is a constant-TDP estimate, not a measurement (hardware: ['RAM()', 'GPU() (NVIDIA GH200 120GB)', 'CPU(Cpu Load)']).
[energy] WARNING: no RAPL/Power-Gadget/powermetrics access detected for 'efficientnet_lite0_batch22_node_0_local_train' — CPU energy is a constant-TDP estimate, not a measurement (hardware: ['RAM()', 'GPU() (NVIDIA GH200 120GB)', 'CPU(Cpu Load)']).
[energy] WARNING: no RAPL/Power-Gadget/powermetrics access detected for 'efficientnet_lite0_batch22_node_0_evaluate' — CPU energy is a constant-TDP estimate, not a measurement (hardware: ['RAM()', 'GPU() (NVIDIA GH200 120GB)', 'CPU(Cpu Load)']).
[energy] WARNING: no RAPL/Power-Gadget/powermetrics access detected for 'efficientnet_lite0_batch22_node_1_local_train' — CPU energy is a constant-TDP estimate, not a measurement (hardware: ['RAM()', 'GPU() (NVIDIA GH200 120GB)', 'CPU(Cpu Load)']).
[energy] WARNING: no RAPL/Power-Gadget/powermetrics access detected for 'efficientnet_lite0_batch22_node_1_evaluate' — CPU energy is a constant-TDP estimate, not a measurement (hardware: ['RAM()', 'GPU() (NVIDIA GH200 120GB)', 'CPU(Cpu Load)']).
[energy] WARNING: no RAPL/Power-Gadget/powermetrics access detected for 'efficientnet_lite0_batch22_node_0_upload' — CPU energy is a constant-TDP estimate, not a measurement (hardware: ['RAM()', 'GPU() (NVIDIA GH200 120GB)', 'CPU(Cpu Load)']).
[energy] WARNING: no RAPL/Power-Gadget/powermetrics access detected for 'efficientnet_lite0_batch22_node_1_upload' — CPU energy is a constant-TDP estimate, not a measurement (hardware: ['RAM()', 'GPU() (NVIDIA GH200 120GB)', 'CPU(Cpu Load)']).
[energy] WARNING: no RAPL/Power-Gadget/powermetrics access detected for 'mobilevit_xxs_batch22_node_0_local_train' — CPU energy is a constant-TDP estimate, not a measurement (hardware: ['RAM()', 'GPU() (NVIDIA GH200 120GB)', 'CPU(Cpu Load)']).
[energy] WARNING: no RAPL/Power-Gadget/powermetrics access detected for 'mobilevit_xxs_batch22_node_0_evaluate' — CPU energy is a constant-TDP estimate, not a measurement (hardware: ['RAM()', 'GPU() (NVIDIA GH200 120GB)', 'CPU(Cpu Load)']).
[energy] WARNING: no RAPL/Power-Gadget/powermetrics access detected for 'mobilevit_xxs_batch22_node_1_local_train' — CPU energy is a constant-TDP estimate, not a measurement (hardware: ['RAM()', 'GPU() (NVIDIA GH200 120GB)', 'CPU(Cpu Load)']).
[energy] WARNING: no RAPL/Power-Gadget/powermetrics access detected for 'mobilevit_xxs_batch22_node_1_evaluate' — CPU energy is a constant-TDP estimate, not a measurement (hardware: ['RAM()', 'GPU() (NVIDIA GH200 120GB)', 'CPU(Cpu Load)']).
[energy] WARNING: no RAPL/Power-Gadget/powermetrics access detected for 'mobilevit_xxs_batch22_node_0_upload' — CPU energy is a constant-TDP estimate, not a measurement (hardware: ['RAM()', 'GPU() (NVIDIA GH200 120GB)', 'CPU(Cpu Load)']).
[energy] WARNING: no RAPL/Power-Gadget/powermetrics access detected for 'mobilevit_xxs_batch22_node_1_exchange' — CPU energy is a constant-TDP estimate, not a measurement (hardware: ['RAM()', 'GPU() (NVIDIA GH200 120GB)', 'CPU(Cpu Load)']).
[energy] WARNING: no RAPL/Power-Gadget/powermetrics access detected for 'mobilevit_xxs_batch22_node_1_evaluate' — CPU energy is a constant-TDP estimate, not a measurement (hardware: ['RAM()', 'GPU() (NVIDIA GH200 120GB)', 'CPU(Cpu Load)']).
plantdoc: dropped 116 images in 1 folder(s) with no PlantVillage class: ['Corn rust leaf']
plantwild: dropped 11101 images in 56 folder(s) with no PlantVillage class: ['apple mosaic virus', 'banana leaf', 'banana panama disease', 'basil downy mildew', 'basil leaf', 'bean halo blight', 'bean leaf', 'bean mosaic virus', 'bean rust', 'blueberry rust', 'broccoli downy mildew', 'broccoli leaf', 'cabbage alternaria leaf spot', 'cabbage leaf', 'carrot cavity spot', 'cauliflower alternaria leaf spot', 'cauliflower leaf', 'celery anthracnose', 'celery early blight', 'celery leaf', 'cherry leaf spot', 'citrus canker', 'coffee leaf', 'coffee leaf rust', 'corn rust', 'corn smut', 'cucumber angular leaf spot', 'cucumber bacterial wilt', 'cucumber leaf', 'cucumber powdery mildew', 'eggplant cercospora leaf spot', 'eggplant leaf', 'garlic leaf', 'garlic leaf blight', 'garlic rust', 'ginger leaf', 'ginger leaf spot', 'ginger sheath blight', 'grape downy mildew', 'grapevine leafroll disease', 'lettuce downy mildew', 'lettuce leaf', 'lettuce mosaic virus', 'maple leaf', 'maple tar spot', 'peach leaf curl', 'plum leaf', 'plum pocket disease', 'rice blast', 'rice leaf', 'rice sheath blight', 'squash leaf', 'strawberry anthracnose', 'tobacco leaf', 'tobacco mosaic virus', 'zucchini yellow mosaic virus']
Merged images per crop (plantvillage + plantdoc + plantwild):
  Tomato          20872  [plantvillage 18160, plantdoc 746, plantwild 1966]  10 classes  <- selected #1
  Orange           5744  [plantvillage 5507, plantdoc 0, plantwild 237]  1 classes  (skipped: only 1 class)
  Soybean          5397  [plantvillage 5090, plantdoc 65, plantwild 242]  1 classes  (skipped: only 1 class)
  Grape            4731  [plantvillage 4062, plantdoc 133, plantwild 536]  4 classes  <- selected #2
  Corn             4708  [plantvillage 3852, plantdoc 260, plantwild 596]  4 classes
  Apple            4661  [plantvillage 3171, plantdoc 273, plantwild 1217]  4 classes
  Potato           3090  [plantvillage 2152, plantdoc 222, plantwild 716]  3 classes
  Pepper,_bell     2964  [plantvillage 2475, plantdoc 132, plantwild 357]  2 classes
  Peach            2926  [plantvillage 2657, plantdoc 112, plantwild 157]  2 classes
  Cherry           2363  [plantvillage 1906, plantdoc 57, plantwild 400]  2 classes
  Squash           2246  [plantvillage 1835, plantdoc 130, plantwild 281]  1 classes  (skipped: only 1 class)
  Strawberry       1936  [plantvillage 1565, plantdoc 96, plantwild 275]  2 classes
  Blueberry        1900  [plantvillage 1502, plantdoc 117, plantwild 281]  1 classes  (skipped: only 1 class)
  Raspberry         670  [plantvillage 371, plantdoc 119, plantwild 180]  1 classes  (skipped: only 1 class)
Node crops: node_0=Tomato, node_1=Grape
Loaded 25603 images, 2 crop classes, 13 disease classes.
New batch 22: 603 images (stratified), 0 images left for future batches
  probe: 30 images carved from this batch
  node_0: 396 train / 70 test
  node_1: 91 train / 16 test

=== Architecture: mobilenet_v3_small ===
  batch 22: 603 images, probe set 30 images
    node_0:   396 train /   70 test  roles=teacher+learner EMA=0.682 pair_accuracy pre=0.800 post=0.800 (distilled, no gain)
    node_1:    91 train /   16 test  roles=learner         EMA=0.692 pair_accuracy pre=0.625 post=0.000 (distilled, no gain)
    18544932 bytes exchanged, 0.008933 kWh compute
so far (23 batches): distillation improved 16/45 node-batches, mean gain -0.3261 pair_accuracy, 438896724 bytes, 0.202165 kWh

=== Architecture: efficientnet_lite0 ===
  batch 22: 603 images, probe set 30 images
    node_0:   396 train /   70 test  roles=teacher         EMA=0.903 pair_accuracy pre=0.914 post=0.914 (no distill)
    node_1:    91 train /   16 test  roles=teacher         EMA=0.966 pair_accuracy pre=1.000 post=1.000 (no distill)
    27458696 bytes exchanged, 0.041474 kWh compute
so far (23 batches): distillation improved 0/2 node-batches, mean gain -0.4859 pair_accuracy, 411880440 bytes, 0.332291 kWh

=== Architecture: mobilevit_xxs ===
  batch 22: 603 images, probe set 30 images
    node_0:   396 train /   70 test  roles=teacher         EMA=0.851 pair_accuracy pre=0.871 post=0.871 (no distill)
    node_1:    91 train /   16 test  roles=learner         EMA=0.362 pair_accuracy pre=0.312 post=0.000 (distilled, no gain)
    7680120 bytes exchanged, 0.009404 kWh compute
so far (23 batches): distillation improved 2/25 node-batches, mean gain -0.4195 pair_accuracy, 184322880 bytes, 0.274111 kWh

Done. 0 images left — run `python -m src.train --next-batch` for the next batch of 1000.
