[codecarbon WARNING @ 08:47:45] Multiple instances of codecarbon are allowed to run at the same time.
[energy] WARNING: no RAPL/Power-Gadget/powermetrics access detected for 'mobilenet_v3_small_batch9_node_0_local_train' — CPU energy is a constant-TDP estimate, not a measurement (hardware: ['RAM()', 'GPU() (NVIDIA GH200 120GB)', 'CPU(Cpu Load)']).
[energy] WARNING: no RAPL/Power-Gadget/powermetrics access detected for 'mobilenet_v3_small_batch9_node_0_evaluate' — CPU energy is a constant-TDP estimate, not a measurement (hardware: ['RAM()', 'GPU() (NVIDIA GH200 120GB)', 'CPU(Cpu Load)']).
[energy] WARNING: no RAPL/Power-Gadget/powermetrics access detected for 'mobilenet_v3_small_batch9_node_1_local_train' — CPU energy is a constant-TDP estimate, not a measurement (hardware: ['RAM()', 'GPU() (NVIDIA GH200 120GB)', 'CPU(Cpu Load)']).
[energy] WARNING: no RAPL/Power-Gadget/powermetrics access detected for 'mobilenet_v3_small_batch9_node_1_evaluate' — CPU energy is a constant-TDP estimate, not a measurement (hardware: ['RAM()', 'GPU() (NVIDIA GH200 120GB)', 'CPU(Cpu Load)']).
[energy] WARNING: no RAPL/Power-Gadget/powermetrics access detected for 'mobilenet_v3_small_batch9_node_0_upload' — CPU energy is a constant-TDP estimate, not a measurement (hardware: ['RAM()', 'GPU() (NVIDIA GH200 120GB)', 'CPU(Cpu Load)']).
[energy] WARNING: no RAPL/Power-Gadget/powermetrics access detected for 'mobilenet_v3_small_batch9_node_1_upload' — CPU energy is a constant-TDP estimate, not a measurement (hardware: ['RAM()', 'GPU() (NVIDIA GH200 120GB)', 'CPU(Cpu Load)']).
[energy] WARNING: no RAPL/Power-Gadget/powermetrics access detected for 'mobilenet_v3_small_batch9_node_0_exchange' — CPU energy is a constant-TDP estimate, not a measurement (hardware: ['RAM()', 'GPU() (NVIDIA GH200 120GB)', 'CPU(Cpu Load)']).
[energy] WARNING: no RAPL/Power-Gadget/powermetrics access detected for 'mobilenet_v3_small_batch9_node_1_exchange' — CPU energy is a constant-TDP estimate, not a measurement (hardware: ['RAM()', 'GPU() (NVIDIA GH200 120GB)', 'CPU(Cpu Load)']).
[energy] WARNING: no RAPL/Power-Gadget/powermetrics access detected for 'mobilenet_v3_small_batch9_node_0_evaluate' — CPU energy is a constant-TDP estimate, not a measurement (hardware: ['RAM()', 'GPU() (NVIDIA GH200 120GB)', 'CPU(Cpu Load)']).
[energy] WARNING: no RAPL/Power-Gadget/powermetrics access detected for 'mobilenet_v3_small_batch9_node_1_evaluate' — CPU energy is a constant-TDP estimate, not a measurement (hardware: ['RAM()', 'GPU() (NVIDIA GH200 120GB)', 'CPU(Cpu Load)']).
[energy] WARNING: no RAPL/Power-Gadget/powermetrics access detected for 'efficientnet_lite0_batch9_node_0_local_train' — CPU energy is a constant-TDP estimate, not a measurement (hardware: ['RAM()', 'GPU() (NVIDIA GH200 120GB)', 'CPU(Cpu Load)']).
[energy] WARNING: no RAPL/Power-Gadget/powermetrics access detected for 'efficientnet_lite0_batch9_node_0_evaluate' — CPU energy is a constant-TDP estimate, not a measurement (hardware: ['RAM()', 'GPU() (NVIDIA GH200 120GB)', 'CPU(Cpu Load)']).
[energy] WARNING: no RAPL/Power-Gadget/powermetrics access detected for 'efficientnet_lite0_batch9_node_1_local_train' — CPU energy is a constant-TDP estimate, not a measurement (hardware: ['RAM()', 'GPU() (NVIDIA GH200 120GB)', 'CPU(Cpu Load)']).
[energy] WARNING: no RAPL/Power-Gadget/powermetrics access detected for 'efficientnet_lite0_batch9_node_1_evaluate' — CPU energy is a constant-TDP estimate, not a measurement (hardware: ['RAM()', 'GPU() (NVIDIA GH200 120GB)', 'CPU(Cpu Load)']).
[energy] WARNING: no RAPL/Power-Gadget/powermetrics access detected for 'efficientnet_lite0_batch9_node_1_upload' — CPU energy is a constant-TDP estimate, not a measurement (hardware: ['RAM()', 'GPU() (NVIDIA GH200 120GB)', 'CPU(Cpu Load)']).
[energy] WARNING: no RAPL/Power-Gadget/powermetrics access detected for 'mobilevit_xxs_batch9_node_0_local_train' — CPU energy is a constant-TDP estimate, not a measurement (hardware: ['RAM()', 'GPU() (NVIDIA GH200 120GB)', 'CPU(Cpu Load)']).
[energy] WARNING: no RAPL/Power-Gadget/powermetrics access detected for 'mobilevit_xxs_batch9_node_0_evaluate' — CPU energy is a constant-TDP estimate, not a measurement (hardware: ['RAM()', 'GPU() (NVIDIA GH200 120GB)', 'CPU(Cpu Load)']).
[energy] WARNING: no RAPL/Power-Gadget/powermetrics access detected for 'mobilevit_xxs_batch9_node_1_local_train' — CPU energy is a constant-TDP estimate, not a measurement (hardware: ['RAM()', 'GPU() (NVIDIA GH200 120GB)', 'CPU(Cpu Load)']).
[energy] WARNING: no RAPL/Power-Gadget/powermetrics access detected for 'mobilevit_xxs_batch9_node_1_evaluate' — CPU energy is a constant-TDP estimate, not a measurement (hardware: ['RAM()', 'GPU() (NVIDIA GH200 120GB)', 'CPU(Cpu Load)']).
[energy] WARNING: no RAPL/Power-Gadget/powermetrics access detected for 'mobilevit_xxs_batch9_node_0_upload' — CPU energy is a constant-TDP estimate, not a measurement (hardware: ['RAM()', 'GPU() (NVIDIA GH200 120GB)', 'CPU(Cpu Load)']).
plantdoc: dropped 116 images in 1 folder(s) with no PlantVillage class: ['Corn rust leaf']
plantwild: dropped 11101 images in 56 folder(s) with no PlantVillage class: ['apple mosaic virus', 'banana leaf', 'banana panama disease', 'basil downy mildew', 'basil leaf', 'bean halo blight', 'bean leaf', 'bean mosaic virus', 'bean rust', 'blueberry rust', 'broccoli downy mildew', 'broccoli leaf', 'cabbage alternaria leaf spot', 'cabbage leaf', 'carrot cavity spot', 'cauliflower alternaria leaf spot', 'cauliflower leaf', 'celery anthracnose', 'celery early blight', 'celery leaf', 'cherry leaf spot', 'citrus canker', 'coffee leaf', 'coffee leaf rust', 'corn rust', 'corn smut', 'cucumber angular leaf spot', 'cucumber bacterial wilt', 'cucumber leaf', 'cucumber powdery mildew', 'eggplant cercospora leaf spot', 'eggplant leaf', 'garlic leaf', 'garlic leaf blight', 'garlic rust', 'ginger leaf', 'ginger leaf spot', 'ginger sheath blight', 'grape downy mildew', 'grapevine leafroll disease', 'lettuce downy mildew', 'lettuce leaf', 'lettuce mosaic virus', 'maple leaf', 'maple tar spot', 'peach leaf curl', 'plum leaf', 'plum pocket disease', 'rice blast', 'rice leaf', 'rice sheath blight', 'squash leaf', 'strawberry anthracnose', 'tobacco leaf', 'tobacco mosaic virus', 'zucchini yellow mosaic virus']
Merged images per crop (plantvillage + plantdoc + plantwild):
  Tomato          20872  [plantvillage 18160, plantdoc 746, plantwild 1966]  10 classes  <- selected #1
  Orange           5744  [plantvillage 5507, plantdoc 0, plantwild 237]  1 classes  (skipped: only 1 class)
  Soybean          5397  [plantvillage 5090, plantdoc 65, plantwild 242]  1 classes  (skipped: only 1 class)
  Grape            4731  [plantvillage 4062, plantdoc 133, plantwild 536]  4 classes  <- selected #2
  Corn             4708  [plantvillage 3852, plantdoc 260, plantwild 596]  4 classes
  Apple            4661  [plantvillage 3171, plantdoc 273, plantwild 1217]  4 classes
  Potato           3090  [plantvillage 2152, plantdoc 222, plantwild 716]  3 classes
  Pepper,_bell     2964  [plantvillage 2475, plantdoc 132, plantwild 357]  2 classes
  Peach            2926  [plantvillage 2657, plantdoc 112, plantwild 157]  2 classes
  Cherry           2363  [plantvillage 1906, plantdoc 57, plantwild 400]  2 classes
  Squash           2246  [plantvillage 1835, plantdoc 130, plantwild 281]  1 classes  (skipped: only 1 class)
  Strawberry       1936  [plantvillage 1565, plantdoc 96, plantwild 275]  2 classes
  Blueberry        1900  [plantvillage 1502, plantdoc 117, plantwild 281]  1 classes  (skipped: only 1 class)
  Raspberry         670  [plantvillage 371, plantdoc 119, plantwild 180]  1 classes  (skipped: only 1 class)
Node crops: node_0=Tomato, node_1=Grape
Loaded 25603 images, 2 crop classes, 13 disease classes.
New batch 9: 1000 images (stratified), 12603 images left for future batches
  probe: 50 images carved from this batch
  node_0: 659 train / 115 test
  node_1: 149 train / 27 test

=== Architecture: mobilenet_v3_small ===
  batch 9: 1000 images, probe set 50 images
    node_0:   659 train /  115 test  roles=teacher+learner EMA=0.719 pair_accuracy pre=0.765 post=0.696 (distilled, no gain)
    node_1:   149 train /   27 test  roles=teacher+learner EMA=0.694 pair_accuracy pre=0.704 post=0.000 (distilled, no gain)
    24726576 bytes exchanged, 0.002068 kWh compute
so far (10 batches): distillation improved 4/19 node-batches, mean gain -0.3274 pair_accuracy, 191630964 bytes, 0.107689 kWh

=== Architecture: efficientnet_lite0 ===
  batch 9: 1000 images, probe set 50 images
    node_0:   659 train /  115 test  roles=idle            EMA=0.883 pair_accuracy pre=0.870 post=0.870 (no distill)
    node_1:   149 train /   27 test  roles=teacher         EMA=0.943 pair_accuracy pre=0.963 post=0.963 (no distill)
    13729348 bytes exchanged, 0.007912 kWh compute
so far (10 batches): distillation improved 0/2 node-batches, mean gain -0.4773 pair_accuracy, 219669568 bytes, 0.089872 kWh

=== Architecture: mobilevit_xxs ===
  batch 9: 1000 images, probe set 50 images
    node_0:   659 train /  115 test  roles=teacher         EMA=0.822 pair_accuracy pre=0.896 post=0.896 (no distill)
    node_1:   149 train /   27 test  roles=idle            EMA=0.914 pair_accuracy pre=0.889 post=0.889 (no distill)
    3840060 bytes exchanged, 0.033135 kWh compute
so far (10 batches): distillation improved 6/7 node-batches, mean gain -0.0433 pair_accuracy, 72961140 bytes, 0.136990 kWh

Done. 12603 images left — run `python -m src.train --next-batch` for the next batch of 1000.
