[codecarbon WARNING @ 01:59:26] Multiple instances of codecarbon are allowed to run at the same time.
[energy] WARNING: no RAPL/Power-Gadget/powermetrics access detected for 'mobilenet_v3_small_batch6_node_0_local_train' — CPU energy is a constant-TDP estimate, not a measurement (hardware: ['RAM()', 'GPU() (NVIDIA GH200 120GB)', 'CPU(Cpu Load)']).
[energy] WARNING: no RAPL/Power-Gadget/powermetrics access detected for 'mobilenet_v3_small_batch6_node_0_evaluate' — CPU energy is a constant-TDP estimate, not a measurement (hardware: ['RAM()', 'GPU() (NVIDIA GH200 120GB)', 'CPU(Cpu Load)']).
[energy] WARNING: no RAPL/Power-Gadget/powermetrics access detected for 'mobilenet_v3_small_batch6_node_1_local_train' — CPU energy is a constant-TDP estimate, not a measurement (hardware: ['RAM()', 'GPU() (NVIDIA GH200 120GB)', 'CPU(Cpu Load)']).
[energy] WARNING: no RAPL/Power-Gadget/powermetrics access detected for 'mobilenet_v3_small_batch6_node_1_evaluate' — CPU energy is a constant-TDP estimate, not a measurement (hardware: ['RAM()', 'GPU() (NVIDIA GH200 120GB)', 'CPU(Cpu Load)']).
[energy] WARNING: no RAPL/Power-Gadget/powermetrics access detected for 'mobilenet_v3_small_batch6_node_2_local_train' — CPU energy is a constant-TDP estimate, not a measurement (hardware: ['RAM()', 'GPU() (NVIDIA GH200 120GB)', 'CPU(Cpu Load)']).
[energy] WARNING: no RAPL/Power-Gadget/powermetrics access detected for 'mobilenet_v3_small_batch6_node_2_evaluate' — CPU energy is a constant-TDP estimate, not a measurement (hardware: ['RAM()', 'GPU() (NVIDIA GH200 120GB)', 'CPU(Cpu Load)']).
[energy] WARNING: no RAPL/Power-Gadget/powermetrics access detected for 'mobilenet_v3_small_batch6_node_3_local_train' — CPU energy is a constant-TDP estimate, not a measurement (hardware: ['RAM()', 'GPU() (NVIDIA GH200 120GB)', 'CPU(Cpu Load)']).
[energy] WARNING: no RAPL/Power-Gadget/powermetrics access detected for 'mobilenet_v3_small_batch6_node_3_evaluate' — CPU energy is a constant-TDP estimate, not a measurement (hardware: ['RAM()', 'GPU() (NVIDIA GH200 120GB)', 'CPU(Cpu Load)']).
[energy] WARNING: no RAPL/Power-Gadget/powermetrics access detected for 'mobilenet_v3_small_batch6_node_4_local_train' — CPU energy is a constant-TDP estimate, not a measurement (hardware: ['RAM()', 'GPU() (NVIDIA GH200 120GB)', 'CPU(Cpu Load)']).
[energy] WARNING: no RAPL/Power-Gadget/powermetrics access detected for 'mobilenet_v3_small_batch6_node_4_evaluate' — CPU energy is a constant-TDP estimate, not a measurement (hardware: ['RAM()', 'GPU() (NVIDIA GH200 120GB)', 'CPU(Cpu Load)']).
[energy] WARNING: no RAPL/Power-Gadget/powermetrics access detected for 'mobilenet_v3_small_batch6_node_5_local_train' — CPU energy is a constant-TDP estimate, not a measurement (hardware: ['RAM()', 'GPU() (NVIDIA GH200 120GB)', 'CPU(Cpu Load)']).
[energy] WARNING: no RAPL/Power-Gadget/powermetrics access detected for 'mobilenet_v3_small_batch6_node_5_evaluate' — CPU energy is a constant-TDP estimate, not a measurement (hardware: ['RAM()', 'GPU() (NVIDIA GH200 120GB)', 'CPU(Cpu Load)']).
[energy] WARNING: no RAPL/Power-Gadget/powermetrics access detected for 'mobilenet_v3_small_batch6_node_2_upload' — CPU energy is a constant-TDP estimate, not a measurement (hardware: ['RAM()', 'GPU() (NVIDIA GH200 120GB)', 'CPU(Cpu Load)']).
[energy] WARNING: no RAPL/Power-Gadget/powermetrics access detected for 'mobilenet_v3_small_batch6_node_4_upload' — CPU energy is a constant-TDP estimate, not a measurement (hardware: ['RAM()', 'GPU() (NVIDIA GH200 120GB)', 'CPU(Cpu Load)']).
[energy] WARNING: no RAPL/Power-Gadget/powermetrics access detected for 'mobilenet_v3_small_batch6_node_5_upload' — CPU energy is a constant-TDP estimate, not a measurement (hardware: ['RAM()', 'GPU() (NVIDIA GH200 120GB)', 'CPU(Cpu Load)']).
[energy] WARNING: no RAPL/Power-Gadget/powermetrics access detected for 'mobilenet_v3_small_batch6_node_0_exchange' — CPU energy is a constant-TDP estimate, not a measurement (hardware: ['RAM()', 'GPU() (NVIDIA GH200 120GB)', 'CPU(Cpu Load)']).
[energy] WARNING: no RAPL/Power-Gadget/powermetrics access detected for 'mobilenet_v3_small_batch6_node_1_exchange' — CPU energy is a constant-TDP estimate, not a measurement (hardware: ['RAM()', 'GPU() (NVIDIA GH200 120GB)', 'CPU(Cpu Load)']).
[energy] WARNING: no RAPL/Power-Gadget/powermetrics access detected for 'mobilenet_v3_small_batch6_node_2_exchange' — CPU energy is a constant-TDP estimate, not a measurement (hardware: ['RAM()', 'GPU() (NVIDIA GH200 120GB)', 'CPU(Cpu Load)']).
[energy] WARNING: no RAPL/Power-Gadget/powermetrics access detected for 'mobilenet_v3_small_batch6_node_3_exchange' — CPU energy is a constant-TDP estimate, not a measurement (hardware: ['RAM()', 'GPU() (NVIDIA GH200 120GB)', 'CPU(Cpu Load)']).
[energy] WARNING: no RAPL/Power-Gadget/powermetrics access detected for 'mobilenet_v3_small_batch6_node_4_exchange' — CPU energy is a constant-TDP estimate, not a measurement (hardware: ['RAM()', 'GPU() (NVIDIA GH200 120GB)', 'CPU(Cpu Load)']).
[energy] WARNING: no RAPL/Power-Gadget/powermetrics access detected for 'mobilenet_v3_small_batch6_node_5_exchange' — CPU energy is a constant-TDP estimate, not a measurement (hardware: ['RAM()', 'GPU() (NVIDIA GH200 120GB)', 'CPU(Cpu Load)']).
[energy] WARNING: no RAPL/Power-Gadget/powermetrics access detected for 'mobilenet_v3_small_batch6_node_0_evaluate' — CPU energy is a constant-TDP estimate, not a measurement (hardware: ['RAM()', 'GPU() (NVIDIA GH200 120GB)', 'CPU(Cpu Load)']).
[energy] WARNING: no RAPL/Power-Gadget/powermetrics access detected for 'mobilenet_v3_small_batch6_node_1_evaluate' — CPU energy is a constant-TDP estimate, not a measurement (hardware: ['RAM()', 'GPU() (NVIDIA GH200 120GB)', 'CPU(Cpu Load)']).
[energy] WARNING: no RAPL/Power-Gadget/powermetrics access detected for 'mobilenet_v3_small_batch6_node_2_evaluate' — CPU energy is a constant-TDP estimate, not a measurement (hardware: ['RAM()', 'GPU() (NVIDIA GH200 120GB)', 'CPU(Cpu Load)']).
[energy] WARNING: no RAPL/Power-Gadget/powermetrics access detected for 'mobilenet_v3_small_batch6_node_3_evaluate' — CPU energy is a constant-TDP estimate, not a measurement (hardware: ['RAM()', 'GPU() (NVIDIA GH200 120GB)', 'CPU(Cpu Load)']).
[energy] WARNING: no RAPL/Power-Gadget/powermetrics access detected for 'mobilenet_v3_small_batch6_node_4_evaluate' — CPU energy is a constant-TDP estimate, not a measurement (hardware: ['RAM()', 'GPU() (NVIDIA GH200 120GB)', 'CPU(Cpu Load)']).
[energy] WARNING: no RAPL/Power-Gadget/powermetrics access detected for 'mobilenet_v3_small_batch6_node_5_evaluate' — CPU energy is a constant-TDP estimate, not a measurement (hardware: ['RAM()', 'GPU() (NVIDIA GH200 120GB)', 'CPU(Cpu Load)']).
[energy] WARNING: no RAPL/Power-Gadget/powermetrics access detected for 'efficientnet_lite0_batch6_node_0_local_train' — CPU energy is a constant-TDP estimate, not a measurement (hardware: ['RAM()', 'GPU() (NVIDIA GH200 120GB)', 'CPU(Cpu Load)']).
[energy] WARNING: no RAPL/Power-Gadget/powermetrics access detected for 'efficientnet_lite0_batch6_node_0_evaluate' — CPU energy is a constant-TDP estimate, not a measurement (hardware: ['RAM()', 'GPU() (NVIDIA GH200 120GB)', 'CPU(Cpu Load)']).
[energy] WARNING: no RAPL/Power-Gadget/powermetrics access detected for 'efficientnet_lite0_batch6_node_1_local_train' — CPU energy is a constant-TDP estimate, not a measurement (hardware: ['RAM()', 'GPU() (NVIDIA GH200 120GB)', 'CPU(Cpu Load)']).
[energy] WARNING: no RAPL/Power-Gadget/powermetrics access detected for 'efficientnet_lite0_batch6_node_1_evaluate' — CPU energy is a constant-TDP estimate, not a measurement (hardware: ['RAM()', 'GPU() (NVIDIA GH200 120GB)', 'CPU(Cpu Load)']).
[energy] WARNING: no RAPL/Power-Gadget/powermetrics access detected for 'efficientnet_lite0_batch6_node_2_local_train' — CPU energy is a constant-TDP estimate, not a measurement (hardware: ['RAM()', 'GPU() (NVIDIA GH200 120GB)', 'CPU(Cpu Load)']).
[energy] WARNING: no RAPL/Power-Gadget/powermetrics access detected for 'efficientnet_lite0_batch6_node_2_evaluate' — CPU energy is a constant-TDP estimate, not a measurement (hardware: ['RAM()', 'GPU() (NVIDIA GH200 120GB)', 'CPU(Cpu Load)']).
[energy] WARNING: no RAPL/Power-Gadget/powermetrics access detected for 'efficientnet_lite0_batch6_node_3_local_train' — CPU energy is a constant-TDP estimate, not a measurement (hardware: ['RAM()', 'GPU() (NVIDIA GH200 120GB)', 'CPU(Cpu Load)']).
[energy] WARNING: no RAPL/Power-Gadget/powermetrics access detected for 'efficientnet_lite0_batch6_node_3_evaluate' — CPU energy is a constant-TDP estimate, not a measurement (hardware: ['RAM()', 'GPU() (NVIDIA GH200 120GB)', 'CPU(Cpu Load)']).
[energy] WARNING: no RAPL/Power-Gadget/powermetrics access detected for 'efficientnet_lite0_batch6_node_4_local_train' — CPU energy is a constant-TDP estimate, not a measurement (hardware: ['RAM()', 'GPU() (NVIDIA GH200 120GB)', 'CPU(Cpu Load)']).
[energy] WARNING: no RAPL/Power-Gadget/powermetrics access detected for 'efficientnet_lite0_batch6_node_4_evaluate' — CPU energy is a constant-TDP estimate, not a measurement (hardware: ['RAM()', 'GPU() (NVIDIA GH200 120GB)', 'CPU(Cpu Load)']).
[energy] WARNING: no RAPL/Power-Gadget/powermetrics access detected for 'efficientnet_lite0_batch6_node_5_local_train' — CPU energy is a constant-TDP estimate, not a measurement (hardware: ['RAM()', 'GPU() (NVIDIA GH200 120GB)', 'CPU(Cpu Load)']).
[energy] WARNING: no RAPL/Power-Gadget/powermetrics access detected for 'efficientnet_lite0_batch6_node_5_evaluate' — CPU energy is a constant-TDP estimate, not a measurement (hardware: ['RAM()', 'GPU() (NVIDIA GH200 120GB)', 'CPU(Cpu Load)']).
[energy] WARNING: no RAPL/Power-Gadget/powermetrics access detected for 'efficientnet_lite0_batch6_node_1_upload' — CPU energy is a constant-TDP estimate, not a measurement (hardware: ['RAM()', 'GPU() (NVIDIA GH200 120GB)', 'CPU(Cpu Load)']).
[energy] WARNING: no RAPL/Power-Gadget/powermetrics access detected for 'efficientnet_lite0_batch6_node_2_upload' — CPU energy is a constant-TDP estimate, not a measurement (hardware: ['RAM()', 'GPU() (NVIDIA GH200 120GB)', 'CPU(Cpu Load)']).
[energy] WARNING: no RAPL/Power-Gadget/powermetrics access detected for 'efficientnet_lite0_batch6_node_4_upload' — CPU energy is a constant-TDP estimate, not a measurement (hardware: ['RAM()', 'GPU() (NVIDIA GH200 120GB)', 'CPU(Cpu Load)']).
[energy] WARNING: no RAPL/Power-Gadget/powermetrics access detected for 'efficientnet_lite0_batch6_node_5_upload' — CPU energy is a constant-TDP estimate, not a measurement (hardware: ['RAM()', 'GPU() (NVIDIA GH200 120GB)', 'CPU(Cpu Load)']).
[energy] WARNING: no RAPL/Power-Gadget/powermetrics access detected for 'mobilevit_xxs_batch6_node_0_local_train' — CPU energy is a constant-TDP estimate, not a measurement (hardware: ['RAM()', 'GPU() (NVIDIA GH200 120GB)', 'CPU(Cpu Load)']).
[energy] WARNING: no RAPL/Power-Gadget/powermetrics access detected for 'mobilevit_xxs_batch6_node_0_evaluate' — CPU energy is a constant-TDP estimate, not a measurement (hardware: ['RAM()', 'GPU() (NVIDIA GH200 120GB)', 'CPU(Cpu Load)']).
[energy] WARNING: no RAPL/Power-Gadget/powermetrics access detected for 'mobilevit_xxs_batch6_node_1_local_train' — CPU energy is a constant-TDP estimate, not a measurement (hardware: ['RAM()', 'GPU() (NVIDIA GH200 120GB)', 'CPU(Cpu Load)']).
[energy] WARNING: no RAPL/Power-Gadget/powermetrics access detected for 'mobilevit_xxs_batch6_node_1_evaluate' — CPU energy is a constant-TDP estimate, not a measurement (hardware: ['RAM()', 'GPU() (NVIDIA GH200 120GB)', 'CPU(Cpu Load)']).
[energy] WARNING: no RAPL/Power-Gadget/powermetrics access detected for 'mobilevit_xxs_batch6_node_2_local_train' — CPU energy is a constant-TDP estimate, not a measurement (hardware: ['RAM()', 'GPU() (NVIDIA GH200 120GB)', 'CPU(Cpu Load)']).
[energy] WARNING: no RAPL/Power-Gadget/powermetrics access detected for 'mobilevit_xxs_batch6_node_2_evaluate' — CPU energy is a constant-TDP estimate, not a measurement (hardware: ['RAM()', 'GPU() (NVIDIA GH200 120GB)', 'CPU(Cpu Load)']).
[energy] WARNING: no RAPL/Power-Gadget/powermetrics access detected for 'mobilevit_xxs_batch6_node_3_local_train' — CPU energy is a constant-TDP estimate, not a measurement (hardware: ['RAM()', 'GPU() (NVIDIA GH200 120GB)', 'CPU(Cpu Load)']).
[energy] WARNING: no RAPL/Power-Gadget/powermetrics access detected for 'mobilevit_xxs_batch6_node_3_evaluate' — CPU energy is a constant-TDP estimate, not a measurement (hardware: ['RAM()', 'GPU() (NVIDIA GH200 120GB)', 'CPU(Cpu Load)']).
[energy] WARNING: no RAPL/Power-Gadget/powermetrics access detected for 'mobilevit_xxs_batch6_node_4_local_train' — CPU energy is a constant-TDP estimate, not a measurement (hardware: ['RAM()', 'GPU() (NVIDIA GH200 120GB)', 'CPU(Cpu Load)']).
[energy] WARNING: no RAPL/Power-Gadget/powermetrics access detected for 'mobilevit_xxs_batch6_node_4_evaluate' — CPU energy is a constant-TDP estimate, not a measurement (hardware: ['RAM()', 'GPU() (NVIDIA GH200 120GB)', 'CPU(Cpu Load)']).
[energy] WARNING: no RAPL/Power-Gadget/powermetrics access detected for 'mobilevit_xxs_batch6_node_5_local_train' — CPU energy is a constant-TDP estimate, not a measurement (hardware: ['RAM()', 'GPU() (NVIDIA GH200 120GB)', 'CPU(Cpu Load)']).
[energy] WARNING: no RAPL/Power-Gadget/powermetrics access detected for 'mobilevit_xxs_batch6_node_5_evaluate' — CPU energy is a constant-TDP estimate, not a measurement (hardware: ['RAM()', 'GPU() (NVIDIA GH200 120GB)', 'CPU(Cpu Load)']).
[energy] WARNING: no RAPL/Power-Gadget/powermetrics access detected for 'mobilevit_xxs_batch6_node_0_upload' — CPU energy is a constant-TDP estimate, not a measurement (hardware: ['RAM()', 'GPU() (NVIDIA GH200 120GB)', 'CPU(Cpu Load)']).
[energy] WARNING: no RAPL/Power-Gadget/powermetrics access detected for 'mobilevit_xxs_batch6_node_1_upload' — CPU energy is a constant-TDP estimate, not a measurement (hardware: ['RAM()', 'GPU() (NVIDIA GH200 120GB)', 'CPU(Cpu Load)']).
[energy] WARNING: no RAPL/Power-Gadget/powermetrics access detected for 'mobilevit_xxs_batch6_node_3_upload' — CPU energy is a constant-TDP estimate, not a measurement (hardware: ['RAM()', 'GPU() (NVIDIA GH200 120GB)', 'CPU(Cpu Load)']).
[energy] WARNING: no RAPL/Power-Gadget/powermetrics access detected for 'mobilevit_xxs_batch6_node_4_upload' — CPU energy is a constant-TDP estimate, not a measurement (hardware: ['RAM()', 'GPU() (NVIDIA GH200 120GB)', 'CPU(Cpu Load)']).
[energy] WARNING: no RAPL/Power-Gadget/powermetrics access detected for 'mobilevit_xxs_batch6_node_5_upload' — CPU energy is a constant-TDP estimate, not a measurement (hardware: ['RAM()', 'GPU() (NVIDIA GH200 120GB)', 'CPU(Cpu Load)']).
[energy] WARNING: no RAPL/Power-Gadget/powermetrics access detected for 'mobilevit_xxs_batch6_node_0_exchange' — CPU energy is a constant-TDP estimate, not a measurement (hardware: ['RAM()', 'GPU() (NVIDIA GH200 120GB)', 'CPU(Cpu Load)']).
[energy] WARNING: no RAPL/Power-Gadget/powermetrics access detected for 'mobilevit_xxs_batch6_node_2_exchange' — CPU energy is a constant-TDP estimate, not a measurement (hardware: ['RAM()', 'GPU() (NVIDIA GH200 120GB)', 'CPU(Cpu Load)']).
[energy] WARNING: no RAPL/Power-Gadget/powermetrics access detected for 'mobilevit_xxs_batch6_node_0_evaluate' — CPU energy is a constant-TDP estimate, not a measurement (hardware: ['RAM()', 'GPU() (NVIDIA GH200 120GB)', 'CPU(Cpu Load)']).
[energy] WARNING: no RAPL/Power-Gadget/powermetrics access detected for 'mobilevit_xxs_batch6_node_2_evaluate' — CPU energy is a constant-TDP estimate, not a measurement (hardware: ['RAM()', 'GPU() (NVIDIA GH200 120GB)', 'CPU(Cpu Load)']).
Loaded 54305 images, 14 crop classes, 21 disease classes.
New batch 6: 3000 images (stratified), 16305 images left for future batches
  probe: 150 images carved from this batch
  node_0: 353 train / 63 test
  node_1: 396 train / 78 test
  node_2: 547 train / 99 test
  node_3: 451 train / 89 test
  node_4: 337 train / 62 test
  node_5: 315 train / 60 test

=== Architecture: mobilenet_v3_small ===
  batch 6: 3000 images, probe set 150 images
    node_0:   353 train /   63 test  roles=learner         EMA=0.396 pair_accuracy pre=0.286 post=0.524 (improved)
    node_1:   396 train /   78 test  roles=learner         EMA=0.531 pair_accuracy pre=0.321 post=0.667 (improved)
    node_2:   547 train /   99 test  roles=teacher+learner EMA=0.451 pair_accuracy pre=0.495 post=0.727 (improved)
    node_3:   451 train /   89 test  roles=learner         EMA=0.497 pair_accuracy pre=0.360 post=0.618 (improved)
    node_4:   337 train /   62 test  roles=teacher+learner EMA=0.484 pair_accuracy pre=0.710 post=0.694 (distilled, no gain)
    node_5:   315 train /   60 test  roles=teacher+learner EMA=0.518 pair_accuracy pre=0.700 post=0.667 (distilled, no gain)
    37581864 bytes exchanged, 0.013006 kWh compute
so far (7 batches): distillation improved 14/42 node-batches, mean gain -0.1484 pair_accuracy, 313182200 bytes, 0.252135 kWh

=== Architecture: efficientnet_lite0 ===
  batch 6: 3000 images, probe set 150 images
    node_0:   353 train /   63 test  roles=idle            EMA=0.843 pair_accuracy pre=0.778 post=0.778 (no distill)
    node_1:   396 train /   78 test  roles=teacher         EMA=0.917 pair_accuracy pre=0.923 post=0.923 (no distill)
    node_2:   547 train /   99 test  roles=teacher         EMA=0.906 pair_accuracy pre=0.939 post=0.939 (no distill)
    node_3:   451 train /   89 test  roles=idle            EMA=0.898 pair_accuracy pre=0.876 post=0.876 (no distill)
    node_4:   337 train /   62 test  roles=teacher         EMA=0.859 pair_accuracy pre=0.903 post=0.903 (no distill)
    node_5:   315 train /   60 test  roles=teacher         EMA=0.849 pair_accuracy pre=0.867 post=0.867 (no distill)
    110654624 bytes exchanged, 0.007191 kWh compute
so far (7 batches): distillation improved 1/6 node-batches, mean gain -0.0398 pair_accuracy, 719255056 bytes, 0.095960 kWh

=== Architecture: mobilevit_xxs ===
  batch 6: 3000 images, probe set 150 images
    node_0:   353 train /   63 test  roles=teacher+learner EMA=0.731 pair_accuracy pre=0.825 post=0.810 (distilled, no gain)
    node_1:   396 train /   78 test  roles=teacher         EMA=0.836 pair_accuracy pre=0.885 post=0.885 (no distill)
    node_2:   547 train /   99 test  roles=learner         EMA=0.776 pair_accuracy pre=0.747 post=0.899 (improved)
    node_3:   451 train /   89 test  roles=teacher         EMA=0.808 pair_accuracy pre=0.888 post=0.888 (no distill)
    node_4:   337 train /   62 test  roles=teacher         EMA=0.830 pair_accuracy pre=0.887 post=0.887 (no distill)
    node_5:   315 train /   60 test  roles=teacher         EMA=0.814 pair_accuracy pre=0.883 post=0.883 (no distill)
    38657400 bytes exchanged, 0.018319 kWh compute
so far (7 batches): distillation improved 15/28 node-batches, mean gain +0.0189 pair_accuracy, 231944400 bytes, 0.190521 kWh

Done. 16305 images left — run `python -m src.train --next-batch` for the next batch of 3000.
