[codecarbon WARNING @ 00:37:30] Multiple instances of codecarbon are allowed to run at the same time.
[energy] WARNING: no RAPL/Power-Gadget/powermetrics access detected for 'mobilenet_v3_small_batch2_node_0_local_train' — CPU energy is a constant-TDP estimate, not a measurement (hardware: ['RAM()', 'GPU() (NVIDIA GH200 120GB)', 'CPU(Cpu Load)']).
[energy] WARNING: no RAPL/Power-Gadget/powermetrics access detected for 'mobilenet_v3_small_batch2_node_0_evaluate' — CPU energy is a constant-TDP estimate, not a measurement (hardware: ['RAM()', 'GPU() (NVIDIA GH200 120GB)', 'CPU(Cpu Load)']).
[energy] WARNING: no RAPL/Power-Gadget/powermetrics access detected for 'mobilenet_v3_small_batch2_node_1_local_train' — CPU energy is a constant-TDP estimate, not a measurement (hardware: ['RAM()', 'GPU() (NVIDIA GH200 120GB)', 'CPU(Cpu Load)']).
[energy] WARNING: no RAPL/Power-Gadget/powermetrics access detected for 'mobilenet_v3_small_batch2_node_1_evaluate' — CPU energy is a constant-TDP estimate, not a measurement (hardware: ['RAM()', 'GPU() (NVIDIA GH200 120GB)', 'CPU(Cpu Load)']).
[energy] WARNING: no RAPL/Power-Gadget/powermetrics access detected for 'mobilenet_v3_small_batch2_node_2_local_train' — CPU energy is a constant-TDP estimate, not a measurement (hardware: ['RAM()', 'GPU() (NVIDIA GH200 120GB)', 'CPU(Cpu Load)']).
[energy] WARNING: no RAPL/Power-Gadget/powermetrics access detected for 'mobilenet_v3_small_batch2_node_2_evaluate' — CPU energy is a constant-TDP estimate, not a measurement (hardware: ['RAM()', 'GPU() (NVIDIA GH200 120GB)', 'CPU(Cpu Load)']).
[energy] WARNING: no RAPL/Power-Gadget/powermetrics access detected for 'mobilenet_v3_small_batch2_node_3_local_train' — CPU energy is a constant-TDP estimate, not a measurement (hardware: ['RAM()', 'GPU() (NVIDIA GH200 120GB)', 'CPU(Cpu Load)']).
[energy] WARNING: no RAPL/Power-Gadget/powermetrics access detected for 'mobilenet_v3_small_batch2_node_3_evaluate' — CPU energy is a constant-TDP estimate, not a measurement (hardware: ['RAM()', 'GPU() (NVIDIA GH200 120GB)', 'CPU(Cpu Load)']).
[energy] WARNING: no RAPL/Power-Gadget/powermetrics access detected for 'mobilenet_v3_small_batch2_node_4_local_train' — CPU energy is a constant-TDP estimate, not a measurement (hardware: ['RAM()', 'GPU() (NVIDIA GH200 120GB)', 'CPU(Cpu Load)']).
[energy] WARNING: no RAPL/Power-Gadget/powermetrics access detected for 'mobilenet_v3_small_batch2_node_4_evaluate' — CPU energy is a constant-TDP estimate, not a measurement (hardware: ['RAM()', 'GPU() (NVIDIA GH200 120GB)', 'CPU(Cpu Load)']).
[energy] WARNING: no RAPL/Power-Gadget/powermetrics access detected for 'mobilenet_v3_small_batch2_node_5_local_train' — CPU energy is a constant-TDP estimate, not a measurement (hardware: ['RAM()', 'GPU() (NVIDIA GH200 120GB)', 'CPU(Cpu Load)']).
[energy] WARNING: no RAPL/Power-Gadget/powermetrics access detected for 'mobilenet_v3_small_batch2_node_5_evaluate' — CPU energy is a constant-TDP estimate, not a measurement (hardware: ['RAM()', 'GPU() (NVIDIA GH200 120GB)', 'CPU(Cpu Load)']).
[energy] WARNING: no RAPL/Power-Gadget/powermetrics access detected for 'mobilenet_v3_small_batch2_node_0_upload' — CPU energy is a constant-TDP estimate, not a measurement (hardware: ['RAM()', 'GPU() (NVIDIA GH200 120GB)', 'CPU(Cpu Load)']).
[energy] WARNING: no RAPL/Power-Gadget/powermetrics access detected for 'mobilenet_v3_small_batch2_node_1_upload' — CPU energy is a constant-TDP estimate, not a measurement (hardware: ['RAM()', 'GPU() (NVIDIA GH200 120GB)', 'CPU(Cpu Load)']).
[energy] WARNING: no RAPL/Power-Gadget/powermetrics access detected for 'mobilenet_v3_small_batch2_node_2_upload' — CPU energy is a constant-TDP estimate, not a measurement (hardware: ['RAM()', 'GPU() (NVIDIA GH200 120GB)', 'CPU(Cpu Load)']).
[energy] WARNING: no RAPL/Power-Gadget/powermetrics access detected for 'mobilenet_v3_small_batch2_node_3_upload' — CPU energy is a constant-TDP estimate, not a measurement (hardware: ['RAM()', 'GPU() (NVIDIA GH200 120GB)', 'CPU(Cpu Load)']).
[energy] WARNING: no RAPL/Power-Gadget/powermetrics access detected for 'mobilenet_v3_small_batch2_node_4_upload' — CPU energy is a constant-TDP estimate, not a measurement (hardware: ['RAM()', 'GPU() (NVIDIA GH200 120GB)', 'CPU(Cpu Load)']).
[energy] WARNING: no RAPL/Power-Gadget/powermetrics access detected for 'mobilenet_v3_small_batch2_node_0_exchange' — CPU energy is a constant-TDP estimate, not a measurement (hardware: ['RAM()', 'GPU() (NVIDIA GH200 120GB)', 'CPU(Cpu Load)']).
[energy] WARNING: no RAPL/Power-Gadget/powermetrics access detected for 'mobilenet_v3_small_batch2_node_1_exchange' — CPU energy is a constant-TDP estimate, not a measurement (hardware: ['RAM()', 'GPU() (NVIDIA GH200 120GB)', 'CPU(Cpu Load)']).
[energy] WARNING: no RAPL/Power-Gadget/powermetrics access detected for 'mobilenet_v3_small_batch2_node_2_exchange' — CPU energy is a constant-TDP estimate, not a measurement (hardware: ['RAM()', 'GPU() (NVIDIA GH200 120GB)', 'CPU(Cpu Load)']).
[energy] WARNING: no RAPL/Power-Gadget/powermetrics access detected for 'mobilenet_v3_small_batch2_node_3_exchange' — CPU energy is a constant-TDP estimate, not a measurement (hardware: ['RAM()', 'GPU() (NVIDIA GH200 120GB)', 'CPU(Cpu Load)']).
[energy] WARNING: no RAPL/Power-Gadget/powermetrics access detected for 'mobilenet_v3_small_batch2_node_4_exchange' — CPU energy is a constant-TDP estimate, not a measurement (hardware: ['RAM()', 'GPU() (NVIDIA GH200 120GB)', 'CPU(Cpu Load)']).
[energy] WARNING: no RAPL/Power-Gadget/powermetrics access detected for 'mobilenet_v3_small_batch2_node_5_exchange' — CPU energy is a constant-TDP estimate, not a measurement (hardware: ['RAM()', 'GPU() (NVIDIA GH200 120GB)', 'CPU(Cpu Load)']).
[energy] WARNING: no RAPL/Power-Gadget/powermetrics access detected for 'mobilenet_v3_small_batch2_node_0_evaluate' — CPU energy is a constant-TDP estimate, not a measurement (hardware: ['RAM()', 'GPU() (NVIDIA GH200 120GB)', 'CPU(Cpu Load)']).
[energy] WARNING: no RAPL/Power-Gadget/powermetrics access detected for 'mobilenet_v3_small_batch2_node_1_evaluate' — CPU energy is a constant-TDP estimate, not a measurement (hardware: ['RAM()', 'GPU() (NVIDIA GH200 120GB)', 'CPU(Cpu Load)']).
[energy] WARNING: no RAPL/Power-Gadget/powermetrics access detected for 'mobilenet_v3_small_batch2_node_2_evaluate' — CPU energy is a constant-TDP estimate, not a measurement (hardware: ['RAM()', 'GPU() (NVIDIA GH200 120GB)', 'CPU(Cpu Load)']).
[energy] WARNING: no RAPL/Power-Gadget/powermetrics access detected for 'mobilenet_v3_small_batch2_node_3_evaluate' — CPU energy is a constant-TDP estimate, not a measurement (hardware: ['RAM()', 'GPU() (NVIDIA GH200 120GB)', 'CPU(Cpu Load)']).
[energy] WARNING: no RAPL/Power-Gadget/powermetrics access detected for 'mobilenet_v3_small_batch2_node_4_evaluate' — CPU energy is a constant-TDP estimate, not a measurement (hardware: ['RAM()', 'GPU() (NVIDIA GH200 120GB)', 'CPU(Cpu Load)']).
[energy] WARNING: no RAPL/Power-Gadget/powermetrics access detected for 'mobilenet_v3_small_batch2_node_5_evaluate' — CPU energy is a constant-TDP estimate, not a measurement (hardware: ['RAM()', 'GPU() (NVIDIA GH200 120GB)', 'CPU(Cpu Load)']).
[energy] WARNING: no RAPL/Power-Gadget/powermetrics access detected for 'efficientnet_lite0_batch2_node_0_local_train' — CPU energy is a constant-TDP estimate, not a measurement (hardware: ['RAM()', 'GPU() (NVIDIA GH200 120GB)', 'CPU(Cpu Load)']).
[energy] WARNING: no RAPL/Power-Gadget/powermetrics access detected for 'efficientnet_lite0_batch2_node_0_evaluate' — CPU energy is a constant-TDP estimate, not a measurement (hardware: ['RAM()', 'GPU() (NVIDIA GH200 120GB)', 'CPU(Cpu Load)']).
[energy] WARNING: no RAPL/Power-Gadget/powermetrics access detected for 'efficientnet_lite0_batch2_node_1_local_train' — CPU energy is a constant-TDP estimate, not a measurement (hardware: ['RAM()', 'GPU() (NVIDIA GH200 120GB)', 'CPU(Cpu Load)']).
[energy] WARNING: no RAPL/Power-Gadget/powermetrics access detected for 'efficientnet_lite0_batch2_node_1_evaluate' — CPU energy is a constant-TDP estimate, not a measurement (hardware: ['RAM()', 'GPU() (NVIDIA GH200 120GB)', 'CPU(Cpu Load)']).
[energy] WARNING: no RAPL/Power-Gadget/powermetrics access detected for 'efficientnet_lite0_batch2_node_2_local_train' — CPU energy is a constant-TDP estimate, not a measurement (hardware: ['RAM()', 'GPU() (NVIDIA GH200 120GB)', 'CPU(Cpu Load)']).
[energy] WARNING: no RAPL/Power-Gadget/powermetrics access detected for 'efficientnet_lite0_batch2_node_2_evaluate' — CPU energy is a constant-TDP estimate, not a measurement (hardware: ['RAM()', 'GPU() (NVIDIA GH200 120GB)', 'CPU(Cpu Load)']).
[energy] WARNING: no RAPL/Power-Gadget/powermetrics access detected for 'efficientnet_lite0_batch2_node_3_local_train' — CPU energy is a constant-TDP estimate, not a measurement (hardware: ['RAM()', 'GPU() (NVIDIA GH200 120GB)', 'CPU(Cpu Load)']).
[energy] WARNING: no RAPL/Power-Gadget/powermetrics access detected for 'efficientnet_lite0_batch2_node_3_evaluate' — CPU energy is a constant-TDP estimate, not a measurement (hardware: ['RAM()', 'GPU() (NVIDIA GH200 120GB)', 'CPU(Cpu Load)']).
[energy] WARNING: no RAPL/Power-Gadget/powermetrics access detected for 'efficientnet_lite0_batch2_node_4_local_train' — CPU energy is a constant-TDP estimate, not a measurement (hardware: ['RAM()', 'GPU() (NVIDIA GH200 120GB)', 'CPU(Cpu Load)']).
[energy] WARNING: no RAPL/Power-Gadget/powermetrics access detected for 'efficientnet_lite0_batch2_node_4_evaluate' — CPU energy is a constant-TDP estimate, not a measurement (hardware: ['RAM()', 'GPU() (NVIDIA GH200 120GB)', 'CPU(Cpu Load)']).
[energy] WARNING: no RAPL/Power-Gadget/powermetrics access detected for 'efficientnet_lite0_batch2_node_5_local_train' — CPU energy is a constant-TDP estimate, not a measurement (hardware: ['RAM()', 'GPU() (NVIDIA GH200 120GB)', 'CPU(Cpu Load)']).
[energy] WARNING: no RAPL/Power-Gadget/powermetrics access detected for 'efficientnet_lite0_batch2_node_5_evaluate' — CPU energy is a constant-TDP estimate, not a measurement (hardware: ['RAM()', 'GPU() (NVIDIA GH200 120GB)', 'CPU(Cpu Load)']).
[energy] WARNING: no RAPL/Power-Gadget/powermetrics access detected for 'efficientnet_lite0_batch2_node_0_upload' — CPU energy is a constant-TDP estimate, not a measurement (hardware: ['RAM()', 'GPU() (NVIDIA GH200 120GB)', 'CPU(Cpu Load)']).
[energy] WARNING: no RAPL/Power-Gadget/powermetrics access detected for 'efficientnet_lite0_batch2_node_1_upload' — CPU energy is a constant-TDP estimate, not a measurement (hardware: ['RAM()', 'GPU() (NVIDIA GH200 120GB)', 'CPU(Cpu Load)']).
[energy] WARNING: no RAPL/Power-Gadget/powermetrics access detected for 'efficientnet_lite0_batch2_node_4_upload' — CPU energy is a constant-TDP estimate, not a measurement (hardware: ['RAM()', 'GPU() (NVIDIA GH200 120GB)', 'CPU(Cpu Load)']).
[energy] WARNING: no RAPL/Power-Gadget/powermetrics access detected for 'efficientnet_lite0_batch2_node_1_exchange' — CPU energy is a constant-TDP estimate, not a measurement (hardware: ['RAM()', 'GPU() (NVIDIA GH200 120GB)', 'CPU(Cpu Load)']).
[energy] WARNING: no RAPL/Power-Gadget/powermetrics access detected for 'efficientnet_lite0_batch2_node_1_evaluate' — CPU energy is a constant-TDP estimate, not a measurement (hardware: ['RAM()', 'GPU() (NVIDIA GH200 120GB)', 'CPU(Cpu Load)']).
[energy] WARNING: no RAPL/Power-Gadget/powermetrics access detected for 'mobilevit_xxs_batch2_node_0_local_train' — CPU energy is a constant-TDP estimate, not a measurement (hardware: ['RAM()', 'GPU() (NVIDIA GH200 120GB)', 'CPU(Cpu Load)']).
[energy] WARNING: no RAPL/Power-Gadget/powermetrics access detected for 'mobilevit_xxs_batch2_node_0_evaluate' — CPU energy is a constant-TDP estimate, not a measurement (hardware: ['RAM()', 'GPU() (NVIDIA GH200 120GB)', 'CPU(Cpu Load)']).
[energy] WARNING: no RAPL/Power-Gadget/powermetrics access detected for 'mobilevit_xxs_batch2_node_1_local_train' — CPU energy is a constant-TDP estimate, not a measurement (hardware: ['RAM()', 'GPU() (NVIDIA GH200 120GB)', 'CPU(Cpu Load)']).
[energy] WARNING: no RAPL/Power-Gadget/powermetrics access detected for 'mobilevit_xxs_batch2_node_1_evaluate' — CPU energy is a constant-TDP estimate, not a measurement (hardware: ['RAM()', 'GPU() (NVIDIA GH200 120GB)', 'CPU(Cpu Load)']).
[energy] WARNING: no RAPL/Power-Gadget/powermetrics access detected for 'mobilevit_xxs_batch2_node_2_local_train' — CPU energy is a constant-TDP estimate, not a measurement (hardware: ['RAM()', 'GPU() (NVIDIA GH200 120GB)', 'CPU(Cpu Load)']).
[energy] WARNING: no RAPL/Power-Gadget/powermetrics access detected for 'mobilevit_xxs_batch2_node_2_evaluate' — CPU energy is a constant-TDP estimate, not a measurement (hardware: ['RAM()', 'GPU() (NVIDIA GH200 120GB)', 'CPU(Cpu Load)']).
[energy] WARNING: no RAPL/Power-Gadget/powermetrics access detected for 'mobilevit_xxs_batch2_node_3_local_train' — CPU energy is a constant-TDP estimate, not a measurement (hardware: ['RAM()', 'GPU() (NVIDIA GH200 120GB)', 'CPU(Cpu Load)']).
[energy] WARNING: no RAPL/Power-Gadget/powermetrics access detected for 'mobilevit_xxs_batch2_node_3_evaluate' — CPU energy is a constant-TDP estimate, not a measurement (hardware: ['RAM()', 'GPU() (NVIDIA GH200 120GB)', 'CPU(Cpu Load)']).
[energy] WARNING: no RAPL/Power-Gadget/powermetrics access detected for 'mobilevit_xxs_batch2_node_4_local_train' — CPU energy is a constant-TDP estimate, not a measurement (hardware: ['RAM()', 'GPU() (NVIDIA GH200 120GB)', 'CPU(Cpu Load)']).
[energy] WARNING: no RAPL/Power-Gadget/powermetrics access detected for 'mobilevit_xxs_batch2_node_4_evaluate' — CPU energy is a constant-TDP estimate, not a measurement (hardware: ['RAM()', 'GPU() (NVIDIA GH200 120GB)', 'CPU(Cpu Load)']).
[energy] WARNING: no RAPL/Power-Gadget/powermetrics access detected for 'mobilevit_xxs_batch2_node_5_local_train' — CPU energy is a constant-TDP estimate, not a measurement (hardware: ['RAM()', 'GPU() (NVIDIA GH200 120GB)', 'CPU(Cpu Load)']).
[energy] WARNING: no RAPL/Power-Gadget/powermetrics access detected for 'mobilevit_xxs_batch2_node_5_evaluate' — CPU energy is a constant-TDP estimate, not a measurement (hardware: ['RAM()', 'GPU() (NVIDIA GH200 120GB)', 'CPU(Cpu Load)']).
[energy] WARNING: no RAPL/Power-Gadget/powermetrics access detected for 'mobilevit_xxs_batch2_node_1_upload' — CPU energy is a constant-TDP estimate, not a measurement (hardware: ['RAM()', 'GPU() (NVIDIA GH200 120GB)', 'CPU(Cpu Load)']).
[energy] WARNING: no RAPL/Power-Gadget/powermetrics access detected for 'mobilevit_xxs_batch2_node_3_upload' — CPU energy is a constant-TDP estimate, not a measurement (hardware: ['RAM()', 'GPU() (NVIDIA GH200 120GB)', 'CPU(Cpu Load)']).
[energy] WARNING: no RAPL/Power-Gadget/powermetrics access detected for 'mobilevit_xxs_batch2_node_4_upload' — CPU energy is a constant-TDP estimate, not a measurement (hardware: ['RAM()', 'GPU() (NVIDIA GH200 120GB)', 'CPU(Cpu Load)']).
[energy] WARNING: no RAPL/Power-Gadget/powermetrics access detected for 'mobilevit_xxs_batch2_node_0_exchange' — CPU energy is a constant-TDP estimate, not a measurement (hardware: ['RAM()', 'GPU() (NVIDIA GH200 120GB)', 'CPU(Cpu Load)']).
[energy] WARNING: no RAPL/Power-Gadget/powermetrics access detected for 'mobilevit_xxs_batch2_node_1_exchange' — CPU energy is a constant-TDP estimate, not a measurement (hardware: ['RAM()', 'GPU() (NVIDIA GH200 120GB)', 'CPU(Cpu Load)']).
[energy] WARNING: no RAPL/Power-Gadget/powermetrics access detected for 'mobilevit_xxs_batch2_node_2_exchange' — CPU energy is a constant-TDP estimate, not a measurement (hardware: ['RAM()', 'GPU() (NVIDIA GH200 120GB)', 'CPU(Cpu Load)']).
[energy] WARNING: no RAPL/Power-Gadget/powermetrics access detected for 'mobilevit_xxs_batch2_node_3_exchange' — CPU energy is a constant-TDP estimate, not a measurement (hardware: ['RAM()', 'GPU() (NVIDIA GH200 120GB)', 'CPU(Cpu Load)']).
[energy] WARNING: no RAPL/Power-Gadget/powermetrics access detected for 'mobilevit_xxs_batch2_node_4_exchange' — CPU energy is a constant-TDP estimate, not a measurement (hardware: ['RAM()', 'GPU() (NVIDIA GH200 120GB)', 'CPU(Cpu Load)']).
[energy] WARNING: no RAPL/Power-Gadget/powermetrics access detected for 'mobilevit_xxs_batch2_node_0_evaluate' — CPU energy is a constant-TDP estimate, not a measurement (hardware: ['RAM()', 'GPU() (NVIDIA GH200 120GB)', 'CPU(Cpu Load)']).
[energy] WARNING: no RAPL/Power-Gadget/powermetrics access detected for 'mobilevit_xxs_batch2_node_1_evaluate' — CPU energy is a constant-TDP estimate, not a measurement (hardware: ['RAM()', 'GPU() (NVIDIA GH200 120GB)', 'CPU(Cpu Load)']).
[energy] WARNING: no RAPL/Power-Gadget/powermetrics access detected for 'mobilevit_xxs_batch2_node_2_evaluate' — CPU energy is a constant-TDP estimate, not a measurement (hardware: ['RAM()', 'GPU() (NVIDIA GH200 120GB)', 'CPU(Cpu Load)']).
[energy] WARNING: no RAPL/Power-Gadget/powermetrics access detected for 'mobilevit_xxs_batch2_node_3_evaluate' — CPU energy is a constant-TDP estimate, not a measurement (hardware: ['RAM()', 'GPU() (NVIDIA GH200 120GB)', 'CPU(Cpu Load)']).
[energy] WARNING: no RAPL/Power-Gadget/powermetrics access detected for 'mobilevit_xxs_batch2_node_4_evaluate' — CPU energy is a constant-TDP estimate, not a measurement (hardware: ['RAM()', 'GPU() (NVIDIA GH200 120GB)', 'CPU(Cpu Load)']).
Loaded 54305 images, 14 crop classes, 21 disease classes.
New batch 2: 3000 images (stratified), 28305 images left for future batches
  probe: 150 images carved from this batch
  node_0: 381 train / 72 test
  node_1: 498 train / 93 test
  node_2: 265 train / 50 test
  node_3: 412 train / 75 test
  node_4: 393 train / 74 test
  node_5: 455 train / 82 test

=== Architecture: mobilenet_v3_small ===
  batch 2: 3000 images, probe set 150 images
    node_0:   381 train /   72 test  roles=teacher+learner EMA=0.387 pair_accuracy pre=0.431 post=0.528 (improved)
    node_1:   498 train /   93 test  roles=teacher+learner EMA=0.247 pair_accuracy pre=0.344 post=0.452 (improved)
    node_2:   265 train /   50 test  roles=teacher+learner EMA=0.570 pair_accuracy pre=0.800 post=0.500 (distilled, no gain)
    node_3:   412 train /   75 test  roles=teacher+learner EMA=0.476 pair_accuracy pre=0.547 post=0.307 (distilled, no gain)
    node_4:   393 train /   74 test  roles=teacher+learner EMA=0.362 pair_accuracy pre=0.365 post=0.432 (improved)
    node_5:   455 train /   82 test  roles=learner         EMA=0.493 pair_accuracy pre=0.110 post=0.561 (improved)
    68900084 bytes exchanged, 0.011893 kWh compute
so far (3 batches): distillation improved 4/18 node-batches, mean gain -0.2482 pair_accuracy, 187909320 bytes, 0.318781 kWh

=== Architecture: efficientnet_lite0 ===
  batch 2: 3000 images, probe set 150 images
    node_0:   381 train /   72 test  roles=teacher         EMA=0.927 pair_accuracy pre=0.944 post=0.944 (no distill)
    node_1:   498 train /   93 test  roles=teacher+learner EMA=0.773 pair_accuracy pre=0.828 post=0.925 (improved)
    node_2:   265 train /   50 test  roles=idle            EMA=0.903 pair_accuracy pre=0.880 post=0.880 (no distill)
    node_3:   412 train /   75 test  roles=idle            EMA=0.895 pair_accuracy pre=0.853 post=0.853 (no distill)
    node_4:   393 train /   74 test  roles=teacher         EMA=0.925 pair_accuracy pre=0.946 post=0.946 (no distill)
    node_5:   455 train /   82 test  roles=idle            EMA=0.869 pair_accuracy pre=0.817 post=0.817 (no distill)
    55327312 bytes exchanged, 0.008335 kWh compute
so far (3 batches): distillation improved 3/8 node-batches, mean gain -0.0430 pair_accuracy, 304300216 bytes, 0.103089 kWh

=== Architecture: mobilevit_xxs ===
  batch 2: 3000 images, probe set 150 images
    node_0:   381 train /   72 test  roles=learner         EMA=0.725 pair_accuracy pre=0.722 post=0.889 (improved)
    node_1:   498 train /   93 test  roles=teacher+learner EMA=0.753 pair_accuracy pre=0.763 post=0.817 (improved)
    node_2:   265 train /   50 test  roles=learner         EMA=0.734 pair_accuracy pre=0.660 post=0.640 (distilled, no gain)
    node_3:   412 train /   75 test  roles=teacher+learner EMA=0.704 pair_accuracy pre=0.720 post=0.827 (improved)
    node_4:   393 train /   74 test  roles=teacher+learner EMA=0.734 pair_accuracy pre=0.838 post=0.622 (distilled, no gain)
    node_5:   455 train /   82 test  roles=idle            EMA=0.838 pair_accuracy pre=0.756 post=0.756 (no distill)
    30925920 bytes exchanged, 0.071411 kWh compute
so far (3 batches): distillation improved 4/16 node-batches, mean gain -0.0807 pair_accuracy, 115972200 bytes, 0.245264 kWh

Done. 28305 images left — run `python -m src.train --next-batch` for the next batch of 3000.
