[codecarbon WARNING @ 03:26:12] Multiple instances of codecarbon are allowed to run at the same time.
[energy] WARNING: no RAPL/Power-Gadget/powermetrics access detected for 'mobilenet_v3_small_batch6_node_0_local_train' — CPU energy is a constant-TDP estimate, not a measurement (hardware: ['RAM()', 'GPU() (NVIDIA GH200 120GB)', 'CPU(Cpu Load)']).
[energy] WARNING: no RAPL/Power-Gadget/powermetrics access detected for 'mobilenet_v3_small_batch6_node_0_evaluate' — CPU energy is a constant-TDP estimate, not a measurement (hardware: ['RAM()', 'GPU() (NVIDIA GH200 120GB)', 'CPU(Cpu Load)']).
[energy] WARNING: no RAPL/Power-Gadget/powermetrics access detected for 'mobilenet_v3_small_batch6_node_1_local_train' — CPU energy is a constant-TDP estimate, not a measurement (hardware: ['RAM()', 'GPU() (NVIDIA GH200 120GB)', 'CPU(Cpu Load)']).
[energy] WARNING: no RAPL/Power-Gadget/powermetrics access detected for 'mobilenet_v3_small_batch6_node_1_evaluate' — CPU energy is a constant-TDP estimate, not a measurement (hardware: ['RAM()', 'GPU() (NVIDIA GH200 120GB)', 'CPU(Cpu Load)']).
[energy] WARNING: no RAPL/Power-Gadget/powermetrics access detected for 'mobilenet_v3_small_batch6_node_2_local_train' — CPU energy is a constant-TDP estimate, not a measurement (hardware: ['RAM()', 'GPU() (NVIDIA GH200 120GB)', 'CPU(Cpu Load)']).
[energy] WARNING: no RAPL/Power-Gadget/powermetrics access detected for 'mobilenet_v3_small_batch6_node_2_evaluate' — CPU energy is a constant-TDP estimate, not a measurement (hardware: ['RAM()', 'GPU() (NVIDIA GH200 120GB)', 'CPU(Cpu Load)']).
[energy] WARNING: no RAPL/Power-Gadget/powermetrics access detected for 'mobilenet_v3_small_batch6_node_3_local_train' — CPU energy is a constant-TDP estimate, not a measurement (hardware: ['RAM()', 'GPU() (NVIDIA GH200 120GB)', 'CPU(Cpu Load)']).
[energy] WARNING: no RAPL/Power-Gadget/powermetrics access detected for 'mobilenet_v3_small_batch6_node_3_evaluate' — CPU energy is a constant-TDP estimate, not a measurement (hardware: ['RAM()', 'GPU() (NVIDIA GH200 120GB)', 'CPU(Cpu Load)']).
[energy] WARNING: no RAPL/Power-Gadget/powermetrics access detected for 'mobilenet_v3_small_batch6_node_4_local_train' — CPU energy is a constant-TDP estimate, not a measurement (hardware: ['RAM()', 'GPU() (NVIDIA GH200 120GB)', 'CPU(Cpu Load)']).
[energy] WARNING: no RAPL/Power-Gadget/powermetrics access detected for 'mobilenet_v3_small_batch6_node_4_evaluate' — CPU energy is a constant-TDP estimate, not a measurement (hardware: ['RAM()', 'GPU() (NVIDIA GH200 120GB)', 'CPU(Cpu Load)']).
[energy] WARNING: no RAPL/Power-Gadget/powermetrics access detected for 'mobilenet_v3_small_batch6_node_5_local_train' — CPU energy is a constant-TDP estimate, not a measurement (hardware: ['RAM()', 'GPU() (NVIDIA GH200 120GB)', 'CPU(Cpu Load)']).
[energy] WARNING: no RAPL/Power-Gadget/powermetrics access detected for 'mobilenet_v3_small_batch6_node_5_evaluate' — CPU energy is a constant-TDP estimate, not a measurement (hardware: ['RAM()', 'GPU() (NVIDIA GH200 120GB)', 'CPU(Cpu Load)']).
[energy] WARNING: no RAPL/Power-Gadget/powermetrics access detected for 'mobilenet_v3_small_batch6_node_0_upload' — CPU energy is a constant-TDP estimate, not a measurement (hardware: ['RAM()', 'GPU() (NVIDIA GH200 120GB)', 'CPU(Cpu Load)']).
[energy] WARNING: no RAPL/Power-Gadget/powermetrics access detected for 'mobilenet_v3_small_batch6_node_1_upload' — CPU energy is a constant-TDP estimate, not a measurement (hardware: ['RAM()', 'GPU() (NVIDIA GH200 120GB)', 'CPU(Cpu Load)']).
[energy] WARNING: no RAPL/Power-Gadget/powermetrics access detected for 'mobilenet_v3_small_batch6_node_2_upload' — CPU energy is a constant-TDP estimate, not a measurement (hardware: ['RAM()', 'GPU() (NVIDIA GH200 120GB)', 'CPU(Cpu Load)']).
[energy] WARNING: no RAPL/Power-Gadget/powermetrics access detected for 'mobilenet_v3_small_batch6_node_3_upload' — CPU energy is a constant-TDP estimate, not a measurement (hardware: ['RAM()', 'GPU() (NVIDIA GH200 120GB)', 'CPU(Cpu Load)']).
[energy] WARNING: no RAPL/Power-Gadget/powermetrics access detected for 'mobilenet_v3_small_batch6_node_4_upload' — CPU energy is a constant-TDP estimate, not a measurement (hardware: ['RAM()', 'GPU() (NVIDIA GH200 120GB)', 'CPU(Cpu Load)']).
[energy] WARNING: no RAPL/Power-Gadget/powermetrics access detected for 'mobilenet_v3_small_batch6_node_5_upload' — CPU energy is a constant-TDP estimate, not a measurement (hardware: ['RAM()', 'GPU() (NVIDIA GH200 120GB)', 'CPU(Cpu Load)']).
[energy] WARNING: no RAPL/Power-Gadget/powermetrics access detected for 'mobilenet_v3_small_batch6_node_0_exchange' — CPU energy is a constant-TDP estimate, not a measurement (hardware: ['RAM()', 'GPU() (NVIDIA GH200 120GB)', 'CPU(Cpu Load)']).
[energy] WARNING: no RAPL/Power-Gadget/powermetrics access detected for 'mobilenet_v3_small_batch6_node_1_exchange' — CPU energy is a constant-TDP estimate, not a measurement (hardware: ['RAM()', 'GPU() (NVIDIA GH200 120GB)', 'CPU(Cpu Load)']).
[energy] WARNING: no RAPL/Power-Gadget/powermetrics access detected for 'mobilenet_v3_small_batch6_node_2_exchange' — CPU energy is a constant-TDP estimate, not a measurement (hardware: ['RAM()', 'GPU() (NVIDIA GH200 120GB)', 'CPU(Cpu Load)']).
[energy] WARNING: no RAPL/Power-Gadget/powermetrics access detected for 'mobilenet_v3_small_batch6_node_3_exchange' — CPU energy is a constant-TDP estimate, not a measurement (hardware: ['RAM()', 'GPU() (NVIDIA GH200 120GB)', 'CPU(Cpu Load)']).
[energy] WARNING: no RAPL/Power-Gadget/powermetrics access detected for 'mobilenet_v3_small_batch6_node_4_exchange' — CPU energy is a constant-TDP estimate, not a measurement (hardware: ['RAM()', 'GPU() (NVIDIA GH200 120GB)', 'CPU(Cpu Load)']).
[energy] WARNING: no RAPL/Power-Gadget/powermetrics access detected for 'mobilenet_v3_small_batch6_node_5_exchange' — CPU energy is a constant-TDP estimate, not a measurement (hardware: ['RAM()', 'GPU() (NVIDIA GH200 120GB)', 'CPU(Cpu Load)']).
[energy] WARNING: no RAPL/Power-Gadget/powermetrics access detected for 'mobilenet_v3_small_batch6_node_0_evaluate' — CPU energy is a constant-TDP estimate, not a measurement (hardware: ['RAM()', 'GPU() (NVIDIA GH200 120GB)', 'CPU(Cpu Load)']).
[energy] WARNING: no RAPL/Power-Gadget/powermetrics access detected for 'mobilenet_v3_small_batch6_node_1_evaluate' — CPU energy is a constant-TDP estimate, not a measurement (hardware: ['RAM()', 'GPU() (NVIDIA GH200 120GB)', 'CPU(Cpu Load)']).
[energy] WARNING: no RAPL/Power-Gadget/powermetrics access detected for 'mobilenet_v3_small_batch6_node_2_evaluate' — CPU energy is a constant-TDP estimate, not a measurement (hardware: ['RAM()', 'GPU() (NVIDIA GH200 120GB)', 'CPU(Cpu Load)']).
[energy] WARNING: no RAPL/Power-Gadget/powermetrics access detected for 'mobilenet_v3_small_batch6_node_3_evaluate' — CPU energy is a constant-TDP estimate, not a measurement (hardware: ['RAM()', 'GPU() (NVIDIA GH200 120GB)', 'CPU(Cpu Load)']).
[energy] WARNING: no RAPL/Power-Gadget/powermetrics access detected for 'mobilenet_v3_small_batch6_node_4_evaluate' — CPU energy is a constant-TDP estimate, not a measurement (hardware: ['RAM()', 'GPU() (NVIDIA GH200 120GB)', 'CPU(Cpu Load)']).
[energy] WARNING: no RAPL/Power-Gadget/powermetrics access detected for 'mobilenet_v3_small_batch6_node_5_evaluate' — CPU energy is a constant-TDP estimate, not a measurement (hardware: ['RAM()', 'GPU() (NVIDIA GH200 120GB)', 'CPU(Cpu Load)']).
[energy] WARNING: no RAPL/Power-Gadget/powermetrics access detected for 'efficientnet_lite0_batch6_node_0_local_train' — CPU energy is a constant-TDP estimate, not a measurement (hardware: ['RAM()', 'GPU() (NVIDIA GH200 120GB)', 'CPU(Cpu Load)']).
[energy] WARNING: no RAPL/Power-Gadget/powermetrics access detected for 'efficientnet_lite0_batch6_node_0_evaluate' — CPU energy is a constant-TDP estimate, not a measurement (hardware: ['RAM()', 'GPU() (NVIDIA GH200 120GB)', 'CPU(Cpu Load)']).
[energy] WARNING: no RAPL/Power-Gadget/powermetrics access detected for 'efficientnet_lite0_batch6_node_1_local_train' — CPU energy is a constant-TDP estimate, not a measurement (hardware: ['RAM()', 'GPU() (NVIDIA GH200 120GB)', 'CPU(Cpu Load)']).
[energy] WARNING: no RAPL/Power-Gadget/powermetrics access detected for 'efficientnet_lite0_batch6_node_1_evaluate' — CPU energy is a constant-TDP estimate, not a measurement (hardware: ['RAM()', 'GPU() (NVIDIA GH200 120GB)', 'CPU(Cpu Load)']).
[energy] WARNING: no RAPL/Power-Gadget/powermetrics access detected for 'efficientnet_lite0_batch6_node_2_local_train' — CPU energy is a constant-TDP estimate, not a measurement (hardware: ['RAM()', 'GPU() (NVIDIA GH200 120GB)', 'CPU(Cpu Load)']).
[energy] WARNING: no RAPL/Power-Gadget/powermetrics access detected for 'efficientnet_lite0_batch6_node_2_evaluate' — CPU energy is a constant-TDP estimate, not a measurement (hardware: ['RAM()', 'GPU() (NVIDIA GH200 120GB)', 'CPU(Cpu Load)']).
[energy] WARNING: no RAPL/Power-Gadget/powermetrics access detected for 'efficientnet_lite0_batch6_node_3_local_train' — CPU energy is a constant-TDP estimate, not a measurement (hardware: ['RAM()', 'GPU() (NVIDIA GH200 120GB)', 'CPU(Cpu Load)']).
[energy] WARNING: no RAPL/Power-Gadget/powermetrics access detected for 'efficientnet_lite0_batch6_node_3_evaluate' — CPU energy is a constant-TDP estimate, not a measurement (hardware: ['RAM()', 'GPU() (NVIDIA GH200 120GB)', 'CPU(Cpu Load)']).
[energy] WARNING: no RAPL/Power-Gadget/powermetrics access detected for 'efficientnet_lite0_batch6_node_4_local_train' — CPU energy is a constant-TDP estimate, not a measurement (hardware: ['RAM()', 'GPU() (NVIDIA GH200 120GB)', 'CPU(Cpu Load)']).
[energy] WARNING: no RAPL/Power-Gadget/powermetrics access detected for 'efficientnet_lite0_batch6_node_4_evaluate' — CPU energy is a constant-TDP estimate, not a measurement (hardware: ['RAM()', 'GPU() (NVIDIA GH200 120GB)', 'CPU(Cpu Load)']).
[energy] WARNING: no RAPL/Power-Gadget/powermetrics access detected for 'efficientnet_lite0_batch6_node_5_local_train' — CPU energy is a constant-TDP estimate, not a measurement (hardware: ['RAM()', 'GPU() (NVIDIA GH200 120GB)', 'CPU(Cpu Load)']).
[energy] WARNING: no RAPL/Power-Gadget/powermetrics access detected for 'efficientnet_lite0_batch6_node_5_evaluate' — CPU energy is a constant-TDP estimate, not a measurement (hardware: ['RAM()', 'GPU() (NVIDIA GH200 120GB)', 'CPU(Cpu Load)']).
[energy] WARNING: no RAPL/Power-Gadget/powermetrics access detected for 'efficientnet_lite0_batch6_node_1_upload' — CPU energy is a constant-TDP estimate, not a measurement (hardware: ['RAM()', 'GPU() (NVIDIA GH200 120GB)', 'CPU(Cpu Load)']).
[energy] WARNING: no RAPL/Power-Gadget/powermetrics access detected for 'efficientnet_lite0_batch6_node_2_upload' — CPU energy is a constant-TDP estimate, not a measurement (hardware: ['RAM()', 'GPU() (NVIDIA GH200 120GB)', 'CPU(Cpu Load)']).
[energy] WARNING: no RAPL/Power-Gadget/powermetrics access detected for 'efficientnet_lite0_batch6_node_3_upload' — CPU energy is a constant-TDP estimate, not a measurement (hardware: ['RAM()', 'GPU() (NVIDIA GH200 120GB)', 'CPU(Cpu Load)']).
[energy] WARNING: no RAPL/Power-Gadget/powermetrics access detected for 'efficientnet_lite0_batch6_node_5_upload' — CPU energy is a constant-TDP estimate, not a measurement (hardware: ['RAM()', 'GPU() (NVIDIA GH200 120GB)', 'CPU(Cpu Load)']).
[energy] WARNING: no RAPL/Power-Gadget/powermetrics access detected for 'mobilevit_xxs_batch6_node_0_local_train' — CPU energy is a constant-TDP estimate, not a measurement (hardware: ['RAM()', 'GPU() (NVIDIA GH200 120GB)', 'CPU(Cpu Load)']).
[energy] WARNING: no RAPL/Power-Gadget/powermetrics access detected for 'mobilevit_xxs_batch6_node_0_evaluate' — CPU energy is a constant-TDP estimate, not a measurement (hardware: ['RAM()', 'GPU() (NVIDIA GH200 120GB)', 'CPU(Cpu Load)']).
[energy] WARNING: no RAPL/Power-Gadget/powermetrics access detected for 'mobilevit_xxs_batch6_node_1_local_train' — CPU energy is a constant-TDP estimate, not a measurement (hardware: ['RAM()', 'GPU() (NVIDIA GH200 120GB)', 'CPU(Cpu Load)']).
[energy] WARNING: no RAPL/Power-Gadget/powermetrics access detected for 'mobilevit_xxs_batch6_node_1_evaluate' — CPU energy is a constant-TDP estimate, not a measurement (hardware: ['RAM()', 'GPU() (NVIDIA GH200 120GB)', 'CPU(Cpu Load)']).
[energy] WARNING: no RAPL/Power-Gadget/powermetrics access detected for 'mobilevit_xxs_batch6_node_2_local_train' — CPU energy is a constant-TDP estimate, not a measurement (hardware: ['RAM()', 'GPU() (NVIDIA GH200 120GB)', 'CPU(Cpu Load)']).
[energy] WARNING: no RAPL/Power-Gadget/powermetrics access detected for 'mobilevit_xxs_batch6_node_2_evaluate' — CPU energy is a constant-TDP estimate, not a measurement (hardware: ['RAM()', 'GPU() (NVIDIA GH200 120GB)', 'CPU(Cpu Load)']).
[energy] WARNING: no RAPL/Power-Gadget/powermetrics access detected for 'mobilevit_xxs_batch6_node_3_local_train' — CPU energy is a constant-TDP estimate, not a measurement (hardware: ['RAM()', 'GPU() (NVIDIA GH200 120GB)', 'CPU(Cpu Load)']).
[energy] WARNING: no RAPL/Power-Gadget/powermetrics access detected for 'mobilevit_xxs_batch6_node_3_evaluate' — CPU energy is a constant-TDP estimate, not a measurement (hardware: ['RAM()', 'GPU() (NVIDIA GH200 120GB)', 'CPU(Cpu Load)']).
[energy] WARNING: no RAPL/Power-Gadget/powermetrics access detected for 'mobilevit_xxs_batch6_node_4_local_train' — CPU energy is a constant-TDP estimate, not a measurement (hardware: ['RAM()', 'GPU() (NVIDIA GH200 120GB)', 'CPU(Cpu Load)']).
[energy] WARNING: no RAPL/Power-Gadget/powermetrics access detected for 'mobilevit_xxs_batch6_node_4_evaluate' — CPU energy is a constant-TDP estimate, not a measurement (hardware: ['RAM()', 'GPU() (NVIDIA GH200 120GB)', 'CPU(Cpu Load)']).
[energy] WARNING: no RAPL/Power-Gadget/powermetrics access detected for 'mobilevit_xxs_batch6_node_5_local_train' — CPU energy is a constant-TDP estimate, not a measurement (hardware: ['RAM()', 'GPU() (NVIDIA GH200 120GB)', 'CPU(Cpu Load)']).
[energy] WARNING: no RAPL/Power-Gadget/powermetrics access detected for 'mobilevit_xxs_batch6_node_5_evaluate' — CPU energy is a constant-TDP estimate, not a measurement (hardware: ['RAM()', 'GPU() (NVIDIA GH200 120GB)', 'CPU(Cpu Load)']).
[energy] WARNING: no RAPL/Power-Gadget/powermetrics access detected for 'mobilevit_xxs_batch6_node_0_upload' — CPU energy is a constant-TDP estimate, not a measurement (hardware: ['RAM()', 'GPU() (NVIDIA GH200 120GB)', 'CPU(Cpu Load)']).
[energy] WARNING: no RAPL/Power-Gadget/powermetrics access detected for 'mobilevit_xxs_batch6_node_1_upload' — CPU energy is a constant-TDP estimate, not a measurement (hardware: ['RAM()', 'GPU() (NVIDIA GH200 120GB)', 'CPU(Cpu Load)']).
[energy] WARNING: no RAPL/Power-Gadget/powermetrics access detected for 'mobilevit_xxs_batch6_node_2_upload' — CPU energy is a constant-TDP estimate, not a measurement (hardware: ['RAM()', 'GPU() (NVIDIA GH200 120GB)', 'CPU(Cpu Load)']).
[energy] WARNING: no RAPL/Power-Gadget/powermetrics access detected for 'mobilevit_xxs_batch6_node_3_upload' — CPU energy is a constant-TDP estimate, not a measurement (hardware: ['RAM()', 'GPU() (NVIDIA GH200 120GB)', 'CPU(Cpu Load)']).
[energy] WARNING: no RAPL/Power-Gadget/powermetrics access detected for 'mobilevit_xxs_batch6_node_0_exchange' — CPU energy is a constant-TDP estimate, not a measurement (hardware: ['RAM()', 'GPU() (NVIDIA GH200 120GB)', 'CPU(Cpu Load)']).
[energy] WARNING: no RAPL/Power-Gadget/powermetrics access detected for 'mobilevit_xxs_batch6_node_1_exchange' — CPU energy is a constant-TDP estimate, not a measurement (hardware: ['RAM()', 'GPU() (NVIDIA GH200 120GB)', 'CPU(Cpu Load)']).
[energy] WARNING: no RAPL/Power-Gadget/powermetrics access detected for 'mobilevit_xxs_batch6_node_2_exchange' — CPU energy is a constant-TDP estimate, not a measurement (hardware: ['RAM()', 'GPU() (NVIDIA GH200 120GB)', 'CPU(Cpu Load)']).
[energy] WARNING: no RAPL/Power-Gadget/powermetrics access detected for 'mobilevit_xxs_batch6_node_5_exchange' — CPU energy is a constant-TDP estimate, not a measurement (hardware: ['RAM()', 'GPU() (NVIDIA GH200 120GB)', 'CPU(Cpu Load)']).
[energy] WARNING: no RAPL/Power-Gadget/powermetrics access detected for 'mobilevit_xxs_batch6_node_0_evaluate' — CPU energy is a constant-TDP estimate, not a measurement (hardware: ['RAM()', 'GPU() (NVIDIA GH200 120GB)', 'CPU(Cpu Load)']).
[energy] WARNING: no RAPL/Power-Gadget/powermetrics access detected for 'mobilevit_xxs_batch6_node_1_evaluate' — CPU energy is a constant-TDP estimate, not a measurement (hardware: ['RAM()', 'GPU() (NVIDIA GH200 120GB)', 'CPU(Cpu Load)']).
[energy] WARNING: no RAPL/Power-Gadget/powermetrics access detected for 'mobilevit_xxs_batch6_node_2_evaluate' — CPU energy is a constant-TDP estimate, not a measurement (hardware: ['RAM()', 'GPU() (NVIDIA GH200 120GB)', 'CPU(Cpu Load)']).
[energy] WARNING: no RAPL/Power-Gadget/powermetrics access detected for 'mobilevit_xxs_batch6_node_5_evaluate' — CPU energy is a constant-TDP estimate, not a measurement (hardware: ['RAM()', 'GPU() (NVIDIA GH200 120GB)', 'CPU(Cpu Load)']).
Loaded 54305 images, 14 crop classes, 21 disease classes.
New batch 6: 3000 images (stratified), 16305 images left for future batches
  probe: 150 images carved from this batch
  node_0: 379 train / 69 test
  node_1: 506 train / 99 test
  node_2: 275 train / 51 test
  node_3: 392 train / 74 test
  node_4: 403 train / 78 test
  node_5: 441 train / 83 test

=== Architecture: mobilenet_v3_small ===
  batch 6: 3000 images, probe set 150 images
    node_0:   379 train /   69 test  roles=teacher+learner EMA=0.617 pair_accuracy pre=0.768 post=0.841 (improved)
    node_1:   506 train /   99 test  roles=teacher+learner EMA=0.570 pair_accuracy pre=0.646 post=0.808 (improved)
    node_2:   275 train /   51 test  roles=teacher+learner EMA=0.629 pair_accuracy pre=0.725 post=0.804 (improved)
    node_3:   392 train /   74 test  roles=teacher+learner EMA=0.600 pair_accuracy pre=0.716 post=0.811 (improved)
    node_4:   403 train /   78 test  roles=teacher+learner EMA=0.603 pair_accuracy pre=0.718 post=0.846 (improved)
    node_5:   441 train /   83 test  roles=teacher+learner EMA=0.576 pair_accuracy pre=0.590 post=0.819 (improved)
    75163728 bytes exchanged, 0.015527 kWh compute
so far (7 batches): distillation improved 24/42 node-batches, mean gain -0.0356 pair_accuracy, 469773300 bytes, 0.430780 kWh

=== Architecture: efficientnet_lite0 ===
  batch 6: 3000 images, probe set 150 images
    node_0:   379 train /   69 test  roles=idle            EMA=0.857 pair_accuracy pre=0.710 post=0.710 (no distill)
    node_1:   506 train /   99 test  roles=teacher         EMA=0.824 pair_accuracy pre=0.838 post=0.838 (no distill)
    node_2:   275 train /   51 test  roles=teacher         EMA=0.935 pair_accuracy pre=1.000 post=1.000 (no distill)
    node_3:   392 train /   74 test  roles=teacher         EMA=0.912 pair_accuracy pre=0.932 post=0.932 (no distill)
    node_4:   403 train /   78 test  roles=idle            EMA=0.916 pair_accuracy pre=0.872 post=0.872 (no distill)
    node_5:   441 train /   83 test  roles=teacher         EMA=0.899 pair_accuracy pre=0.904 post=0.904 (no distill)
    55327312 bytes exchanged, 0.028831 kWh compute
so far (7 batches): distillation improved 3/8 node-batches, mean gain -0.0430 pair_accuracy, 525609464 bytes, 0.165338 kWh

=== Architecture: mobilevit_xxs ===
  batch 6: 3000 images, probe set 150 images
    node_0:   379 train /   69 test  roles=teacher+learner EMA=0.769 pair_accuracy pre=0.884 post=0.899 (improved)
    node_1:   506 train /   99 test  roles=teacher+learner EMA=0.692 pair_accuracy pre=0.818 post=0.859 (improved)
    node_2:   275 train /   51 test  roles=teacher+learner EMA=0.797 pair_accuracy pre=0.902 post=0.902 (distilled, no gain)
    node_3:   392 train /   74 test  roles=teacher         EMA=0.830 pair_accuracy pre=0.905 post=0.905 (no distill)
    node_4:   403 train /   78 test  roles=idle            EMA=0.828 pair_accuracy pre=0.795 post=0.795 (no distill)
    node_5:   441 train /   83 test  roles=learner         EMA=0.741 pair_accuracy pre=0.590 post=0.904 (improved)
    30925920 bytes exchanged, 0.022236 kWh compute
so far (7 batches): distillation improved 17/36 node-batches, mean gain +0.0143 pair_accuracy, 255138840 bytes, 0.330621 kWh

Done. 16305 images left — run `python -m src.train --next-batch` for the next batch of 3000.
