[codecarbon WARNING @ 06:09:01] AMD GPU detected but amdsmi is not available. Please install amdsmi to get GPU metrics.
Warning: You are sending unauthenticated requests to the HF Hub. Please set a HF_TOKEN to enable higher rate limits and faster downloads.
[codecarbon WARNING @ 06:09:03] Multiple instances of codecarbon are allowed to run at the same time.
[energy] WARNING: no RAPL/Power-Gadget/powermetrics access detected for 'mobilenet_v3_small_batch3_node_0_local_train' — CPU energy is a constant-TDP estimate, not a measurement (hardware: ['RAM()', 'GPU() (NVIDIA A100-SXM4-40GB)', 'CPU(Cpu Load)']).
[energy] WARNING: no RAPL/Power-Gadget/powermetrics access detected for 'mobilenet_v3_small_batch3_node_0_evaluate' — CPU energy is a constant-TDP estimate, not a measurement (hardware: ['RAM()', 'GPU() (NVIDIA A100-SXM4-40GB)', 'CPU(Cpu Load)']).
[energy] WARNING: no RAPL/Power-Gadget/powermetrics access detected for 'mobilenet_v3_small_batch3_node_1_local_train' — CPU energy is a constant-TDP estimate, not a measurement (hardware: ['RAM()', 'GPU() (NVIDIA A100-SXM4-40GB)', 'CPU(Cpu Load)']).
[energy] WARNING: no RAPL/Power-Gadget/powermetrics access detected for 'mobilenet_v3_small_batch3_node_1_evaluate' — CPU energy is a constant-TDP estimate, not a measurement (hardware: ['RAM()', 'GPU() (NVIDIA A100-SXM4-40GB)', 'CPU(Cpu Load)']).
[energy] WARNING: no RAPL/Power-Gadget/powermetrics access detected for 'mobilenet_v3_small_batch3_node_2_local_train' — CPU energy is a constant-TDP estimate, not a measurement (hardware: ['RAM()', 'GPU() (NVIDIA A100-SXM4-40GB)', 'CPU(Cpu Load)']).
[energy] WARNING: no RAPL/Power-Gadget/powermetrics access detected for 'mobilenet_v3_small_batch3_node_2_evaluate' — CPU energy is a constant-TDP estimate, not a measurement (hardware: ['RAM()', 'GPU() (NVIDIA A100-SXM4-40GB)', 'CPU(Cpu Load)']).
[energy] WARNING: no RAPL/Power-Gadget/powermetrics access detected for 'mobilenet_v3_small_batch3_node_3_local_train' — CPU energy is a constant-TDP estimate, not a measurement (hardware: ['RAM()', 'GPU() (NVIDIA A100-SXM4-40GB)', 'CPU(Cpu Load)']).
[energy] WARNING: no RAPL/Power-Gadget/powermetrics access detected for 'mobilenet_v3_small_batch3_node_3_evaluate' — CPU energy is a constant-TDP estimate, not a measurement (hardware: ['RAM()', 'GPU() (NVIDIA A100-SXM4-40GB)', 'CPU(Cpu Load)']).
[energy] WARNING: no RAPL/Power-Gadget/powermetrics access detected for 'mobilenet_v3_small_batch3_node_0_knowledge_extraction' — CPU energy is a constant-TDP estimate, not a measurement (hardware: ['RAM()', 'GPU() (NVIDIA A100-SXM4-40GB)', 'CPU(Cpu Load)']).
[energy] WARNING: no RAPL/Power-Gadget/powermetrics access detected for 'mobilenet_v3_small_batch3_node_1_knowledge_extraction' — CPU energy is a constant-TDP estimate, not a measurement (hardware: ['RAM()', 'GPU() (NVIDIA A100-SXM4-40GB)', 'CPU(Cpu Load)']).
[energy] WARNING: no RAPL/Power-Gadget/powermetrics access detected for 'mobilenet_v3_small_batch3_node_2_knowledge_extraction' — CPU energy is a constant-TDP estimate, not a measurement (hardware: ['RAM()', 'GPU() (NVIDIA A100-SXM4-40GB)', 'CPU(Cpu Load)']).
[energy] WARNING: no RAPL/Power-Gadget/powermetrics access detected for 'mobilenet_v3_small_batch3_node_0_distill' — CPU energy is a constant-TDP estimate, not a measurement (hardware: ['RAM()', 'GPU() (NVIDIA A100-SXM4-40GB)', 'CPU(Cpu Load)']).
[energy] WARNING: no RAPL/Power-Gadget/powermetrics access detected for 'mobilenet_v3_small_batch3_node_1_distill' — CPU energy is a constant-TDP estimate, not a measurement (hardware: ['RAM()', 'GPU() (NVIDIA A100-SXM4-40GB)', 'CPU(Cpu Load)']).
[energy] WARNING: no RAPL/Power-Gadget/powermetrics access detected for 'mobilenet_v3_small_batch3_node_3_distill' — CPU energy is a constant-TDP estimate, not a measurement (hardware: ['RAM()', 'GPU() (NVIDIA A100-SXM4-40GB)', 'CPU(Cpu Load)']).
[energy] WARNING: no RAPL/Power-Gadget/powermetrics access detected for 'mobilenet_v3_small_batch3_node_0_evaluate' — CPU energy is a constant-TDP estimate, not a measurement (hardware: ['RAM()', 'GPU() (NVIDIA A100-SXM4-40GB)', 'CPU(Cpu Load)']).
[energy] WARNING: no RAPL/Power-Gadget/powermetrics access detected for 'mobilenet_v3_small_batch3_node_1_evaluate' — CPU energy is a constant-TDP estimate, not a measurement (hardware: ['RAM()', 'GPU() (NVIDIA A100-SXM4-40GB)', 'CPU(Cpu Load)']).
[energy] WARNING: no RAPL/Power-Gadget/powermetrics access detected for 'mobilenet_v3_small_batch3_node_3_evaluate' — CPU energy is a constant-TDP estimate, not a measurement (hardware: ['RAM()', 'GPU() (NVIDIA A100-SXM4-40GB)', 'CPU(Cpu Load)']).
[energy] WARNING: no RAPL/Power-Gadget/powermetrics access detected for 'efficientnet_lite0_batch3_node_0_local_train' — CPU energy is a constant-TDP estimate, not a measurement (hardware: ['RAM()', 'GPU() (NVIDIA A100-SXM4-40GB)', 'CPU(Cpu Load)']).
[energy] WARNING: no RAPL/Power-Gadget/powermetrics access detected for 'efficientnet_lite0_batch3_node_0_evaluate' — CPU energy is a constant-TDP estimate, not a measurement (hardware: ['RAM()', 'GPU() (NVIDIA A100-SXM4-40GB)', 'CPU(Cpu Load)']).
[energy] WARNING: no RAPL/Power-Gadget/powermetrics access detected for 'efficientnet_lite0_batch3_node_1_local_train' — CPU energy is a constant-TDP estimate, not a measurement (hardware: ['RAM()', 'GPU() (NVIDIA A100-SXM4-40GB)', 'CPU(Cpu Load)']).
[energy] WARNING: no RAPL/Power-Gadget/powermetrics access detected for 'efficientnet_lite0_batch3_node_1_evaluate' — CPU energy is a constant-TDP estimate, not a measurement (hardware: ['RAM()', 'GPU() (NVIDIA A100-SXM4-40GB)', 'CPU(Cpu Load)']).
[energy] WARNING: no RAPL/Power-Gadget/powermetrics access detected for 'efficientnet_lite0_batch3_node_2_local_train' — CPU energy is a constant-TDP estimate, not a measurement (hardware: ['RAM()', 'GPU() (NVIDIA A100-SXM4-40GB)', 'CPU(Cpu Load)']).
[energy] WARNING: no RAPL/Power-Gadget/powermetrics access detected for 'efficientnet_lite0_batch3_node_2_evaluate' — CPU energy is a constant-TDP estimate, not a measurement (hardware: ['RAM()', 'GPU() (NVIDIA A100-SXM4-40GB)', 'CPU(Cpu Load)']).
[energy] WARNING: no RAPL/Power-Gadget/powermetrics access detected for 'efficientnet_lite0_batch3_node_3_local_train' — CPU energy is a constant-TDP estimate, not a measurement (hardware: ['RAM()', 'GPU() (NVIDIA A100-SXM4-40GB)', 'CPU(Cpu Load)']).
[energy] WARNING: no RAPL/Power-Gadget/powermetrics access detected for 'efficientnet_lite0_batch3_node_3_evaluate' — CPU energy is a constant-TDP estimate, not a measurement (hardware: ['RAM()', 'GPU() (NVIDIA A100-SXM4-40GB)', 'CPU(Cpu Load)']).
[energy] WARNING: no RAPL/Power-Gadget/powermetrics access detected for 'efficientnet_lite0_batch3_node_2_knowledge_extraction' — CPU energy is a constant-TDP estimate, not a measurement (hardware: ['RAM()', 'GPU() (NVIDIA A100-SXM4-40GB)', 'CPU(Cpu Load)']).
[energy] WARNING: no RAPL/Power-Gadget/powermetrics access detected for 'mobilevit_xxs_batch3_node_0_local_train' — CPU energy is a constant-TDP estimate, not a measurement (hardware: ['RAM()', 'GPU() (NVIDIA A100-SXM4-40GB)', 'CPU(Cpu Load)']).
[energy] WARNING: no RAPL/Power-Gadget/powermetrics access detected for 'mobilevit_xxs_batch3_node_0_evaluate' — CPU energy is a constant-TDP estimate, not a measurement (hardware: ['RAM()', 'GPU() (NVIDIA A100-SXM4-40GB)', 'CPU(Cpu Load)']).
[energy] WARNING: no RAPL/Power-Gadget/powermetrics access detected for 'mobilevit_xxs_batch3_node_1_local_train' — CPU energy is a constant-TDP estimate, not a measurement (hardware: ['RAM()', 'GPU() (NVIDIA A100-SXM4-40GB)', 'CPU(Cpu Load)']).
[energy] WARNING: no RAPL/Power-Gadget/powermetrics access detected for 'mobilevit_xxs_batch3_node_1_evaluate' — CPU energy is a constant-TDP estimate, not a measurement (hardware: ['RAM()', 'GPU() (NVIDIA A100-SXM4-40GB)', 'CPU(Cpu Load)']).
[energy] WARNING: no RAPL/Power-Gadget/powermetrics access detected for 'mobilevit_xxs_batch3_node_2_local_train' — CPU energy is a constant-TDP estimate, not a measurement (hardware: ['RAM()', 'GPU() (NVIDIA A100-SXM4-40GB)', 'CPU(Cpu Load)']).
[energy] WARNING: no RAPL/Power-Gadget/powermetrics access detected for 'mobilevit_xxs_batch3_node_2_evaluate' — CPU energy is a constant-TDP estimate, not a measurement (hardware: ['RAM()', 'GPU() (NVIDIA A100-SXM4-40GB)', 'CPU(Cpu Load)']).
[energy] WARNING: no RAPL/Power-Gadget/powermetrics access detected for 'mobilevit_xxs_batch3_node_3_local_train' — CPU energy is a constant-TDP estimate, not a measurement (hardware: ['RAM()', 'GPU() (NVIDIA A100-SXM4-40GB)', 'CPU(Cpu Load)']).
[energy] WARNING: no RAPL/Power-Gadget/powermetrics access detected for 'mobilevit_xxs_batch3_node_3_evaluate' — CPU energy is a constant-TDP estimate, not a measurement (hardware: ['RAM()', 'GPU() (NVIDIA A100-SXM4-40GB)', 'CPU(Cpu Load)']).
[energy] WARNING: no RAPL/Power-Gadget/powermetrics access detected for 'mobilevit_xxs_batch3_node_1_knowledge_extraction' — CPU energy is a constant-TDP estimate, not a measurement (hardware: ['RAM()', 'GPU() (NVIDIA A100-SXM4-40GB)', 'CPU(Cpu Load)']).
[energy] WARNING: no RAPL/Power-Gadget/powermetrics access detected for 'mobilevit_xxs_batch3_node_2_knowledge_extraction' — CPU energy is a constant-TDP estimate, not a measurement (hardware: ['RAM()', 'GPU() (NVIDIA A100-SXM4-40GB)', 'CPU(Cpu Load)']).
[energy] WARNING: no RAPL/Power-Gadget/powermetrics access detected for 'mobilevit_xxs_batch3_node_0_distill' — CPU energy is a constant-TDP estimate, not a measurement (hardware: ['RAM()', 'GPU() (NVIDIA A100-SXM4-40GB)', 'CPU(Cpu Load)']).
[energy] WARNING: no RAPL/Power-Gadget/powermetrics access detected for 'mobilevit_xxs_batch3_node_1_distill' — CPU energy is a constant-TDP estimate, not a measurement (hardware: ['RAM()', 'GPU() (NVIDIA A100-SXM4-40GB)', 'CPU(Cpu Load)']).
[energy] WARNING: no RAPL/Power-Gadget/powermetrics access detected for 'mobilevit_xxs_batch3_node_0_evaluate' — CPU energy is a constant-TDP estimate, not a measurement (hardware: ['RAM()', 'GPU() (NVIDIA A100-SXM4-40GB)', 'CPU(Cpu Load)']).
[energy] WARNING: no RAPL/Power-Gadget/powermetrics access detected for 'mobilevit_xxs_batch3_node_1_evaluate' — CPU energy is a constant-TDP estimate, not a measurement (hardware: ['RAM()', 'GPU() (NVIDIA A100-SXM4-40GB)', 'CPU(Cpu Load)']).
plantdoc: dropped 116 images in 1 folder(s) with no PlantVillage class: ['Corn rust leaf']
plantwild: dropped 11101 images in 56 folder(s) with no PlantVillage class: ['apple mosaic virus', 'banana leaf', 'banana panama disease', 'basil downy mildew', 'basil leaf', 'bean halo blight', 'bean leaf', 'bean mosaic virus', 'bean rust', 'blueberry rust', 'broccoli downy mildew', 'broccoli leaf', 'cabbage alternaria leaf spot', 'cabbage leaf', 'carrot cavity spot', 'cauliflower alternaria leaf spot', 'cauliflower leaf', 'celery anthracnose', 'celery early blight', 'celery leaf', 'cherry leaf spot', 'citrus canker', 'coffee leaf', 'coffee leaf rust', 'corn rust', 'corn smut', 'cucumber angular leaf spot', 'cucumber bacterial wilt', 'cucumber leaf', 'cucumber powdery mildew', 'eggplant cercospora leaf spot', 'eggplant leaf', 'garlic leaf', 'garlic leaf blight', 'garlic rust', 'ginger leaf', 'ginger leaf spot', 'ginger sheath blight', 'grape downy mildew', 'grapevine leafroll disease', 'lettuce downy mildew', 'lettuce leaf', 'lettuce mosaic virus', 'maple leaf', 'maple tar spot', 'peach leaf curl', 'plum leaf', 'plum pocket disease', 'rice blast', 'rice leaf', 'rice sheath blight', 'squash leaf', 'strawberry anthracnose', 'tobacco leaf', 'tobacco mosaic virus', 'zucchini yellow mosaic virus']
Merged images per crop (plantvillage + plantdoc + plantwild):
  Tomato          20872  [plantvillage 18160, plantdoc 746, plantwild 1966]  10 classes  <- selected #1
  Orange           5744  [plantvillage 5507, plantdoc 0, plantwild 237]  1 classes  (skipped: only 1 class)
  Soybean          5397  [plantvillage 5090, plantdoc 65, plantwild 242]  1 classes  (skipped: only 1 class)
  Grape            4731  [plantvillage 4062, plantdoc 133, plantwild 536]  4 classes  <- selected #2
  Corn             4708  [plantvillage 3852, plantdoc 260, plantwild 596]  4 classes
  Apple            4661  [plantvillage 3171, plantdoc 273, plantwild 1217]  4 classes
  Potato           3090  [plantvillage 2152, plantdoc 222, plantwild 716]  3 classes
  Pepper,_bell     2964  [plantvillage 2475, plantdoc 132, plantwild 357]  2 classes
  Peach            2926  [plantvillage 2657, plantdoc 112, plantwild 157]  2 classes
  Cherry           2363  [plantvillage 1906, plantdoc 57, plantwild 400]  2 classes
  Squash           2246  [plantvillage 1835, plantdoc 130, plantwild 281]  1 classes  (skipped: only 1 class)
  Strawberry       1936  [plantvillage 1565, plantdoc 96, plantwild 275]  2 classes
  Blueberry        1900  [plantvillage 1502, plantdoc 117, plantwild 281]  1 classes  (skipped: only 1 class)
  Raspberry         670  [plantvillage 371, plantdoc 119, plantwild 180]  1 classes  (skipped: only 1 class)
Node crops: node_0=Tomato, node_1=Tomato, node_2=Grape, node_3=Grape
Loaded 25603 images, 2 crop classes, 13 disease classes.
New batch 3: 1000 images (stratified), 18603 images left for future batches
  probe: 50 images carved from this batch
  node_0: 206 train / 37 test
  node_1: 452 train / 79 test
  node_2: 22 train / 4 test
  node_3: 127 train / 23 test

=== Architecture: mobilenet_v3_small ===
  batch 3: 1000 images, probe set 50 images
    node_0:   206 train /   37 test  roles=teacher+learner EMA=0.443 pair_accuracy pre=0.730 post=0.811 (improved)
    node_1:   452 train /   79 test  roles=teacher+learner EMA=0.553 pair_accuracy pre=0.747 post=0.722 (distilled, no gain)
    node_2:    22 train /    4 test  roles=teacher         EMA=0.963 pair_accuracy pre=1.000 post=1.000 (no distill)
    node_3:   127 train /   23 test  roles=learner         EMA=0.772 pair_accuracy pre=0.739 post=0.913 (improved)
    366528 bytes exchanged, 0.001281 kWh compute
so far (4 batches): distillation improved 10/12 node-batches, mean gain +0.1908 pair_accuracy, 1629840 bytes, 0.008847 kWh

=== Architecture: efficientnet_lite0 ===
  batch 3: 1000 images, probe set 50 images
    node_0:   206 train /   37 test  roles=idle            EMA=0.817 pair_accuracy pre=0.757 post=0.757 (no distill)
    node_1:   452 train /   79 test  roles=idle            EMA=0.813 pair_accuracy pre=0.797 post=0.797 (no distill)
    node_2:    22 train /    4 test  roles=teacher         EMA=0.963 pair_accuracy pre=1.000 post=1.000 (no distill)
    node_3:   127 train /   23 test  roles=idle            EMA=0.941 pair_accuracy pre=0.913 post=0.913 (no distill)
    18384 bytes exchanged, 0.000702 kWh compute
so far (4 batches): distillation improved 2/4 node-batches, mean gain -0.1506 pair_accuracy, 924048 bytes, 0.007249 kWh

=== Architecture: mobilevit_xxs ===
  batch 3: 1000 images, probe set 50 images
    node_0:   206 train /   37 test  roles=learner         EMA=0.783 pair_accuracy pre=0.757 post=0.865 (improved)
    node_1:   452 train /   79 test  roles=teacher+learner EMA=0.683 pair_accuracy pre=0.759 post=0.797 (improved)
    node_2:    22 train /    4 test  roles=teacher         EMA=0.977 pair_accuracy pre=1.000 post=1.000 (no distill)
    node_3:   127 train /   23 test  roles=idle            EMA=0.954 pair_accuracy pre=0.913 post=0.913 (no distill)
    79400 bytes exchanged, 0.001230 kWh compute
so far (4 batches): distillation improved 8/10 node-batches, mean gain +0.0856 pair_accuracy, 613944 bytes, 0.008691 kWh

Done. 18603 images left — run `python -m src.train --next-batch` for the next batch of 1000.
