Traceback (most recent call last):
  File "<frozen runpy>", line 198, in _run_module_as_main
  File "<frozen runpy>", line 88, in _run_code
  File "/lfs1i3/home/b36bl/ecwong12.b36bl/work/crop-mesh-detector-baselines2/src/train.py", line 494, in <module>
    main()
  File "/lfs1i3/home/b36bl/ecwong12.b36bl/work/crop-mesh-detector-baselines2/src/train.py", line 402, in main
    batch = stream.next_batch(dataset, cfg.get("continual.next_batch_size", 3000), probe_fraction, test_fraction, seed)
            ^^^^^^^^^^^^^^^^^^^^^^^^^^^^^^^^^^^^^^^^^^^^^^^^^^^^^^^^^^^^^^^^^^^^^^^^^^^^^^^^^^^^^^^^^^^^^^^^^^^^^^^^^^^
  File "/lfs1i3/home/b36bl/ecwong12.b36bl/work/crop-mesh-detector-baselines2/src/data/stream.py", line 121, in next_batch
    raise ValueError("Every PlantVillage image has already been used — the stream is exhausted.")
ValueError: Every PlantVillage image has already been used — the stream is exhausted.
plantdoc: dropped 116 images in 1 folder(s) with no PlantVillage class: ['Corn rust leaf']
plantwild: dropped 11101 images in 56 folder(s) with no PlantVillage class: ['apple mosaic virus', 'banana leaf', 'banana panama disease', 'basil downy mildew', 'basil leaf', 'bean halo blight', 'bean leaf', 'bean mosaic virus', 'bean rust', 'blueberry rust', 'broccoli downy mildew', 'broccoli leaf', 'cabbage alternaria leaf spot', 'cabbage leaf', 'carrot cavity spot', 'cauliflower alternaria leaf spot', 'cauliflower leaf', 'celery anthracnose', 'celery early blight', 'celery leaf', 'cherry leaf spot', 'citrus canker', 'coffee leaf', 'coffee leaf rust', 'corn rust', 'corn smut', 'cucumber angular leaf spot', 'cucumber bacterial wilt', 'cucumber leaf', 'cucumber powdery mildew', 'eggplant cercospora leaf spot', 'eggplant leaf', 'garlic leaf', 'garlic leaf blight', 'garlic rust', 'ginger leaf', 'ginger leaf spot', 'ginger sheath blight', 'grape downy mildew', 'grapevine leafroll disease', 'lettuce downy mildew', 'lettuce leaf', 'lettuce mosaic virus', 'maple leaf', 'maple tar spot', 'peach leaf curl', 'plum leaf', 'plum pocket disease', 'rice blast', 'rice leaf', 'rice sheath blight', 'squash leaf', 'strawberry anthracnose', 'tobacco leaf', 'tobacco mosaic virus', 'zucchini yellow mosaic virus']
Merged images per crop (plantvillage + plantdoc + plantwild):
  Tomato          20872  [plantvillage 18160, plantdoc 746, plantwild 1966]  10 classes  <- selected #1
  Orange           5744  [plantvillage 5507, plantdoc 0, plantwild 237]  1 classes  (skipped: only 1 class)
  Soybean          5397  [plantvillage 5090, plantdoc 65, plantwild 242]  1 classes  (skipped: only 1 class)
  Grape            4731  [plantvillage 4062, plantdoc 133, plantwild 536]  4 classes  <- selected #2
  Corn             4708  [plantvillage 3852, plantdoc 260, plantwild 596]  4 classes
  Apple            4661  [plantvillage 3171, plantdoc 273, plantwild 1217]  4 classes
  Potato           3090  [plantvillage 2152, plantdoc 222, plantwild 716]  3 classes
  Pepper,_bell     2964  [plantvillage 2475, plantdoc 132, plantwild 357]  2 classes
  Peach            2926  [plantvillage 2657, plantdoc 112, plantwild 157]  2 classes
  Cherry           2363  [plantvillage 1906, plantdoc 57, plantwild 400]  2 classes
  Squash           2246  [plantvillage 1835, plantdoc 130, plantwild 281]  1 classes  (skipped: only 1 class)
  Strawberry       1936  [plantvillage 1565, plantdoc 96, plantwild 275]  2 classes
  Blueberry        1900  [plantvillage 1502, plantdoc 117, plantwild 281]  1 classes  (skipped: only 1 class)
  Raspberry         670  [plantvillage 371, plantdoc 119, plantwild 180]  1 classes  (skipped: only 1 class)
Node crops: node_0=Tomato, node_1=Tomato, node_2=Grape, node_3=Grape
Loaded 25603 images, 2 crop classes, 13 disease classes.
