[codecarbon WARNING @ 06:38:31] AMD GPU detected but amdsmi is not available. Please install amdsmi to get GPU metrics.
Warning: You are sending unauthenticated requests to the HF Hub. Please set a HF_TOKEN to enable higher rate limits and faster downloads.
[codecarbon WARNING @ 06:38:33] Multiple instances of codecarbon are allowed to run at the same time.
[energy] WARNING: no RAPL/Power-Gadget/powermetrics access detected for 'mobilenet_v3_small_batch10_node_0_local_train' — CPU energy is a constant-TDP estimate, not a measurement (hardware: ['RAM()', 'GPU() (NVIDIA A100-SXM4-40GB)', 'CPU(Cpu Load)']).
[energy] WARNING: no RAPL/Power-Gadget/powermetrics access detected for 'mobilenet_v3_small_batch10_node_0_evaluate' — CPU energy is a constant-TDP estimate, not a measurement (hardware: ['RAM()', 'GPU() (NVIDIA A100-SXM4-40GB)', 'CPU(Cpu Load)']).
[energy] WARNING: no RAPL/Power-Gadget/powermetrics access detected for 'mobilenet_v3_small_batch10_node_1_local_train' — CPU energy is a constant-TDP estimate, not a measurement (hardware: ['RAM()', 'GPU() (NVIDIA A100-SXM4-40GB)', 'CPU(Cpu Load)']).
[energy] WARNING: no RAPL/Power-Gadget/powermetrics access detected for 'mobilenet_v3_small_batch10_node_1_evaluate' — CPU energy is a constant-TDP estimate, not a measurement (hardware: ['RAM()', 'GPU() (NVIDIA A100-SXM4-40GB)', 'CPU(Cpu Load)']).
[energy] WARNING: no RAPL/Power-Gadget/powermetrics access detected for 'mobilenet_v3_small_batch10_node_2_local_train' — CPU energy is a constant-TDP estimate, not a measurement (hardware: ['RAM()', 'GPU() (NVIDIA A100-SXM4-40GB)', 'CPU(Cpu Load)']).
[energy] WARNING: no RAPL/Power-Gadget/powermetrics access detected for 'mobilenet_v3_small_batch10_node_2_evaluate' — CPU energy is a constant-TDP estimate, not a measurement (hardware: ['RAM()', 'GPU() (NVIDIA A100-SXM4-40GB)', 'CPU(Cpu Load)']).
[energy] WARNING: no RAPL/Power-Gadget/powermetrics access detected for 'mobilenet_v3_small_batch10_node_3_local_train' — CPU energy is a constant-TDP estimate, not a measurement (hardware: ['RAM()', 'GPU() (NVIDIA A100-SXM4-40GB)', 'CPU(Cpu Load)']).
[energy] WARNING: no RAPL/Power-Gadget/powermetrics access detected for 'mobilenet_v3_small_batch10_node_3_evaluate' — CPU energy is a constant-TDP estimate, not a measurement (hardware: ['RAM()', 'GPU() (NVIDIA A100-SXM4-40GB)', 'CPU(Cpu Load)']).
[energy] WARNING: no RAPL/Power-Gadget/powermetrics access detected for 'mobilenet_v3_small_batch10_node_0_knowledge_extraction' — CPU energy is a constant-TDP estimate, not a measurement (hardware: ['RAM()', 'GPU() (NVIDIA A100-SXM4-40GB)', 'CPU(Cpu Load)']).
[energy] WARNING: no RAPL/Power-Gadget/powermetrics access detected for 'mobilenet_v3_small_batch10_node_2_knowledge_extraction' — CPU energy is a constant-TDP estimate, not a measurement (hardware: ['RAM()', 'GPU() (NVIDIA A100-SXM4-40GB)', 'CPU(Cpu Load)']).
[energy] WARNING: no RAPL/Power-Gadget/powermetrics access detected for 'mobilenet_v3_small_batch10_node_3_knowledge_extraction' — CPU energy is a constant-TDP estimate, not a measurement (hardware: ['RAM()', 'GPU() (NVIDIA A100-SXM4-40GB)', 'CPU(Cpu Load)']).
[energy] WARNING: no RAPL/Power-Gadget/powermetrics access detected for 'mobilenet_v3_small_batch10_node_0_distill' — CPU energy is a constant-TDP estimate, not a measurement (hardware: ['RAM()', 'GPU() (NVIDIA A100-SXM4-40GB)', 'CPU(Cpu Load)']).
[energy] WARNING: no RAPL/Power-Gadget/powermetrics access detected for 'mobilenet_v3_small_batch10_node_1_distill' — CPU energy is a constant-TDP estimate, not a measurement (hardware: ['RAM()', 'GPU() (NVIDIA A100-SXM4-40GB)', 'CPU(Cpu Load)']).
[energy] WARNING: no RAPL/Power-Gadget/powermetrics access detected for 'mobilenet_v3_small_batch10_node_2_distill' — CPU energy is a constant-TDP estimate, not a measurement (hardware: ['RAM()', 'GPU() (NVIDIA A100-SXM4-40GB)', 'CPU(Cpu Load)']).
[energy] WARNING: no RAPL/Power-Gadget/powermetrics access detected for 'mobilenet_v3_small_batch10_node_3_distill' — CPU energy is a constant-TDP estimate, not a measurement (hardware: ['RAM()', 'GPU() (NVIDIA A100-SXM4-40GB)', 'CPU(Cpu Load)']).
[energy] WARNING: no RAPL/Power-Gadget/powermetrics access detected for 'mobilenet_v3_small_batch10_node_0_evaluate' — CPU energy is a constant-TDP estimate, not a measurement (hardware: ['RAM()', 'GPU() (NVIDIA A100-SXM4-40GB)', 'CPU(Cpu Load)']).
[energy] WARNING: no RAPL/Power-Gadget/powermetrics access detected for 'mobilenet_v3_small_batch10_node_1_evaluate' — CPU energy is a constant-TDP estimate, not a measurement (hardware: ['RAM()', 'GPU() (NVIDIA A100-SXM4-40GB)', 'CPU(Cpu Load)']).
[energy] WARNING: no RAPL/Power-Gadget/powermetrics access detected for 'mobilenet_v3_small_batch10_node_2_evaluate' — CPU energy is a constant-TDP estimate, not a measurement (hardware: ['RAM()', 'GPU() (NVIDIA A100-SXM4-40GB)', 'CPU(Cpu Load)']).
[energy] WARNING: no RAPL/Power-Gadget/powermetrics access detected for 'mobilenet_v3_small_batch10_node_3_evaluate' — CPU energy is a constant-TDP estimate, not a measurement (hardware: ['RAM()', 'GPU() (NVIDIA A100-SXM4-40GB)', 'CPU(Cpu Load)']).
[energy] WARNING: no RAPL/Power-Gadget/powermetrics access detected for 'efficientnet_lite0_batch10_node_0_local_train' — CPU energy is a constant-TDP estimate, not a measurement (hardware: ['RAM()', 'GPU() (NVIDIA A100-SXM4-40GB)', 'CPU(Cpu Load)']).
[energy] WARNING: no RAPL/Power-Gadget/powermetrics access detected for 'efficientnet_lite0_batch10_node_0_evaluate' — CPU energy is a constant-TDP estimate, not a measurement (hardware: ['RAM()', 'GPU() (NVIDIA A100-SXM4-40GB)', 'CPU(Cpu Load)']).
[energy] WARNING: no RAPL/Power-Gadget/powermetrics access detected for 'efficientnet_lite0_batch10_node_1_local_train' — CPU energy is a constant-TDP estimate, not a measurement (hardware: ['RAM()', 'GPU() (NVIDIA A100-SXM4-40GB)', 'CPU(Cpu Load)']).
[energy] WARNING: no RAPL/Power-Gadget/powermetrics access detected for 'efficientnet_lite0_batch10_node_1_evaluate' — CPU energy is a constant-TDP estimate, not a measurement (hardware: ['RAM()', 'GPU() (NVIDIA A100-SXM4-40GB)', 'CPU(Cpu Load)']).
[energy] WARNING: no RAPL/Power-Gadget/powermetrics access detected for 'efficientnet_lite0_batch10_node_2_local_train' — CPU energy is a constant-TDP estimate, not a measurement (hardware: ['RAM()', 'GPU() (NVIDIA A100-SXM4-40GB)', 'CPU(Cpu Load)']).
[energy] WARNING: no RAPL/Power-Gadget/powermetrics access detected for 'efficientnet_lite0_batch10_node_2_evaluate' — CPU energy is a constant-TDP estimate, not a measurement (hardware: ['RAM()', 'GPU() (NVIDIA A100-SXM4-40GB)', 'CPU(Cpu Load)']).
[energy] WARNING: no RAPL/Power-Gadget/powermetrics access detected for 'efficientnet_lite0_batch10_node_3_local_train' — CPU energy is a constant-TDP estimate, not a measurement (hardware: ['RAM()', 'GPU() (NVIDIA A100-SXM4-40GB)', 'CPU(Cpu Load)']).
[energy] WARNING: no RAPL/Power-Gadget/powermetrics access detected for 'efficientnet_lite0_batch10_node_3_evaluate' — CPU energy is a constant-TDP estimate, not a measurement (hardware: ['RAM()', 'GPU() (NVIDIA A100-SXM4-40GB)', 'CPU(Cpu Load)']).
[energy] WARNING: no RAPL/Power-Gadget/powermetrics access detected for 'efficientnet_lite0_batch10_node_2_knowledge_extraction' — CPU energy is a constant-TDP estimate, not a measurement (hardware: ['RAM()', 'GPU() (NVIDIA A100-SXM4-40GB)', 'CPU(Cpu Load)']).
[energy] WARNING: no RAPL/Power-Gadget/powermetrics access detected for 'efficientnet_lite0_batch10_node_3_knowledge_extraction' — CPU energy is a constant-TDP estimate, not a measurement (hardware: ['RAM()', 'GPU() (NVIDIA A100-SXM4-40GB)', 'CPU(Cpu Load)']).
[energy] WARNING: no RAPL/Power-Gadget/powermetrics access detected for 'efficientnet_lite0_batch10_node_0_distill' — CPU energy is a constant-TDP estimate, not a measurement (hardware: ['RAM()', 'GPU() (NVIDIA A100-SXM4-40GB)', 'CPU(Cpu Load)']).
[energy] WARNING: no RAPL/Power-Gadget/powermetrics access detected for 'efficientnet_lite0_batch10_node_0_evaluate' — CPU energy is a constant-TDP estimate, not a measurement (hardware: ['RAM()', 'GPU() (NVIDIA A100-SXM4-40GB)', 'CPU(Cpu Load)']).
[energy] WARNING: no RAPL/Power-Gadget/powermetrics access detected for 'mobilevit_xxs_batch10_node_0_local_train' — CPU energy is a constant-TDP estimate, not a measurement (hardware: ['RAM()', 'GPU() (NVIDIA A100-SXM4-40GB)', 'CPU(Cpu Load)']).
[energy] WARNING: no RAPL/Power-Gadget/powermetrics access detected for 'mobilevit_xxs_batch10_node_0_evaluate' — CPU energy is a constant-TDP estimate, not a measurement (hardware: ['RAM()', 'GPU() (NVIDIA A100-SXM4-40GB)', 'CPU(Cpu Load)']).
[energy] WARNING: no RAPL/Power-Gadget/powermetrics access detected for 'mobilevit_xxs_batch10_node_1_local_train' — CPU energy is a constant-TDP estimate, not a measurement (hardware: ['RAM()', 'GPU() (NVIDIA A100-SXM4-40GB)', 'CPU(Cpu Load)']).
[energy] WARNING: no RAPL/Power-Gadget/powermetrics access detected for 'mobilevit_xxs_batch10_node_1_evaluate' — CPU energy is a constant-TDP estimate, not a measurement (hardware: ['RAM()', 'GPU() (NVIDIA A100-SXM4-40GB)', 'CPU(Cpu Load)']).
[energy] WARNING: no RAPL/Power-Gadget/powermetrics access detected for 'mobilevit_xxs_batch10_node_2_local_train' — CPU energy is a constant-TDP estimate, not a measurement (hardware: ['RAM()', 'GPU() (NVIDIA A100-SXM4-40GB)', 'CPU(Cpu Load)']).
[energy] WARNING: no RAPL/Power-Gadget/powermetrics access detected for 'mobilevit_xxs_batch10_node_2_evaluate' — CPU energy is a constant-TDP estimate, not a measurement (hardware: ['RAM()', 'GPU() (NVIDIA A100-SXM4-40GB)', 'CPU(Cpu Load)']).
[energy] WARNING: no RAPL/Power-Gadget/powermetrics access detected for 'mobilevit_xxs_batch10_node_3_local_train' — CPU energy is a constant-TDP estimate, not a measurement (hardware: ['RAM()', 'GPU() (NVIDIA A100-SXM4-40GB)', 'CPU(Cpu Load)']).
[energy] WARNING: no RAPL/Power-Gadget/powermetrics access detected for 'mobilevit_xxs_batch10_node_3_evaluate' — CPU energy is a constant-TDP estimate, not a measurement (hardware: ['RAM()', 'GPU() (NVIDIA A100-SXM4-40GB)', 'CPU(Cpu Load)']).
[energy] WARNING: no RAPL/Power-Gadget/powermetrics access detected for 'mobilevit_xxs_batch10_node_0_knowledge_extraction' — CPU energy is a constant-TDP estimate, not a measurement (hardware: ['RAM()', 'GPU() (NVIDIA A100-SXM4-40GB)', 'CPU(Cpu Load)']).
[energy] WARNING: no RAPL/Power-Gadget/powermetrics access detected for 'mobilevit_xxs_batch10_node_1_knowledge_extraction' — CPU energy is a constant-TDP estimate, not a measurement (hardware: ['RAM()', 'GPU() (NVIDIA A100-SXM4-40GB)', 'CPU(Cpu Load)']).
[energy] WARNING: no RAPL/Power-Gadget/powermetrics access detected for 'mobilevit_xxs_batch10_node_3_knowledge_extraction' — CPU energy is a constant-TDP estimate, not a measurement (hardware: ['RAM()', 'GPU() (NVIDIA A100-SXM4-40GB)', 'CPU(Cpu Load)']).
[energy] WARNING: no RAPL/Power-Gadget/powermetrics access detected for 'mobilevit_xxs_batch10_node_0_distill' — CPU energy is a constant-TDP estimate, not a measurement (hardware: ['RAM()', 'GPU() (NVIDIA A100-SXM4-40GB)', 'CPU(Cpu Load)']).
[energy] WARNING: no RAPL/Power-Gadget/powermetrics access detected for 'mobilevit_xxs_batch10_node_0_evaluate' — CPU energy is a constant-TDP estimate, not a measurement (hardware: ['RAM()', 'GPU() (NVIDIA A100-SXM4-40GB)', 'CPU(Cpu Load)']).
plantdoc: dropped 116 images in 1 folder(s) with no PlantVillage class: ['Corn rust leaf']
plantwild: dropped 11101 images in 56 folder(s) with no PlantVillage class: ['apple mosaic virus', 'banana leaf', 'banana panama disease', 'basil downy mildew', 'basil leaf', 'bean halo blight', 'bean leaf', 'bean mosaic virus', 'bean rust', 'blueberry rust', 'broccoli downy mildew', 'broccoli leaf', 'cabbage alternaria leaf spot', 'cabbage leaf', 'carrot cavity spot', 'cauliflower alternaria leaf spot', 'cauliflower leaf', 'celery anthracnose', 'celery early blight', 'celery leaf', 'cherry leaf spot', 'citrus canker', 'coffee leaf', 'coffee leaf rust', 'corn rust', 'corn smut', 'cucumber angular leaf spot', 'cucumber bacterial wilt', 'cucumber leaf', 'cucumber powdery mildew', 'eggplant cercospora leaf spot', 'eggplant leaf', 'garlic leaf', 'garlic leaf blight', 'garlic rust', 'ginger leaf', 'ginger leaf spot', 'ginger sheath blight', 'grape downy mildew', 'grapevine leafroll disease', 'lettuce downy mildew', 'lettuce leaf', 'lettuce mosaic virus', 'maple leaf', 'maple tar spot', 'peach leaf curl', 'plum leaf', 'plum pocket disease', 'rice blast', 'rice leaf', 'rice sheath blight', 'squash leaf', 'strawberry anthracnose', 'tobacco leaf', 'tobacco mosaic virus', 'zucchini yellow mosaic virus']
Merged images per crop (plantvillage + plantdoc + plantwild):
  Tomato          20872  [plantvillage 18160, plantdoc 746, plantwild 1966]  10 classes  <- selected #1
  Orange           5744  [plantvillage 5507, plantdoc 0, plantwild 237]  1 classes  (skipped: only 1 class)
  Soybean          5397  [plantvillage 5090, plantdoc 65, plantwild 242]  1 classes  (skipped: only 1 class)
  Grape            4731  [plantvillage 4062, plantdoc 133, plantwild 536]  4 classes  <- selected #2
  Corn             4708  [plantvillage 3852, plantdoc 260, plantwild 596]  4 classes
  Apple            4661  [plantvillage 3171, plantdoc 273, plantwild 1217]  4 classes
  Potato           3090  [plantvillage 2152, plantdoc 222, plantwild 716]  3 classes
  Pepper,_bell     2964  [plantvillage 2475, plantdoc 132, plantwild 357]  2 classes
  Peach            2926  [plantvillage 2657, plantdoc 112, plantwild 157]  2 classes
  Cherry           2363  [plantvillage 1906, plantdoc 57, plantwild 400]  2 classes
  Squash           2246  [plantvillage 1835, plantdoc 130, plantwild 281]  1 classes  (skipped: only 1 class)
  Strawberry       1936  [plantvillage 1565, plantdoc 96, plantwild 275]  2 classes
  Blueberry        1900  [plantvillage 1502, plantdoc 117, plantwild 281]  1 classes  (skipped: only 1 class)
  Raspberry         670  [plantvillage 371, plantdoc 119, plantwild 180]  1 classes  (skipped: only 1 class)
Node crops: node_0=Tomato, node_1=Tomato, node_2=Grape, node_3=Grape
Loaded 25603 images, 2 crop classes, 13 disease classes.
New batch 10: 1000 images (stratified), 11603 images left for future batches
  probe: 50 images carved from this batch
  node_0: 225 train / 40 test
  node_1: 432 train / 78 test
  node_2: 24 train / 5 test
  node_3: 124 train / 22 test

=== Architecture: mobilenet_v3_small ===
  batch 10: 1000 images, probe set 50 images
    node_0:   225 train /   40 test  roles=teacher+learner EMA=0.615 pair_accuracy pre=0.675 post=0.825 (improved)
    node_1:   432 train /   78 test  roles=learner         EMA=0.632 pair_accuracy pre=0.590 post=0.808 (improved)
    node_2:    24 train /    5 test  roles=teacher+learner EMA=0.481 pair_accuracy pre=0.600 post=0.800 (improved)
    node_3:   124 train /   22 test  roles=teacher+learner EMA=0.749 pair_accuracy pre=0.909 post=0.909 (distilled, no gain)
    466920 bytes exchanged, 0.001497 kWh compute
so far (11 batches): distillation improved 29/37 node-batches, mean gain +0.1531 pair_accuracy, 4447128 bytes, 0.018599 kWh

=== Architecture: efficientnet_lite0 ===
  batch 10: 1000 images, probe set 50 images
    node_0:   225 train /   40 test  roles=learner         EMA=0.798 pair_accuracy pre=0.700 post=0.775 (improved)
    node_1:   432 train /   78 test  roles=idle            EMA=0.801 pair_accuracy pre=0.705 post=0.705 (no distill)
    node_2:    24 train /    5 test  roles=teacher         EMA=0.955 pair_accuracy pre=1.000 post=1.000 (no distill)
    node_3:   124 train /   22 test  roles=teacher         EMA=0.936 pair_accuracy pre=0.955 post=0.955 (no distill)
    160712 bytes exchanged, 0.000916 kWh compute
so far (11 batches): distillation improved 5/7 node-batches, mean gain -0.0510 pair_accuracy, 1900704 bytes, 0.012953 kWh

=== Architecture: mobilevit_xxs ===
  batch 10: 1000 images, probe set 50 images
    node_0:   225 train /   40 test  roles=teacher+learner EMA=0.748 pair_accuracy pre=0.850 post=0.850 (distilled, no gain)
    node_1:   432 train /   78 test  roles=teacher         EMA=0.817 pair_accuracy pre=0.821 post=0.821 (no distill)
    node_2:    24 train /    5 test  roles=idle            EMA=0.872 pair_accuracy pre=0.800 post=0.800 (no distill)
    node_3:   124 train /   22 test  roles=teacher         EMA=0.946 pair_accuracy pre=1.000 post=1.000 (no distill)
    72960 bytes exchanged, 0.001066 kWh compute
so far (11 batches): distillation improved 18/21 node-batches, mean gain +0.1015 pair_accuracy, 1166728 bytes, 0.016926 kWh

Done. 11603 images left — run `python -m src.train --next-batch` for the next batch of 1000.
